Component: ARM Compiler 5.05 update 2 (build 169) Tool: armlink [4d0f33]

==============================================================================

Section Cross References

    main.o(.text) refers to delay.o(.text) for delay_init
    main.o(.text) refers to misc.o(.text) for NVIC_PriorityGroupConfig
    main.o(.text) refers to usart.o(.text) for uart_init
    main.o(.text) refers to led.o(.text) for LED_Init
    main.o(.text) refers to oled.o(.text) for OLED_Init
    main.o(.text) refers to mpu6050.o(.text) for MPU_Init
    main.o(.text) refers to timer.o(.text) for TIM4_Int_Init
    main.o(.text) refers to ble_app.o(.text) for Ble_IoInit
    main.o(.text) refers to usart3.o(.text) for u3_printf
    main.o(.text) refers to motor.o(.text) for Motor_Init
    main.o(.text) refers to encoder.o(.text) for Encoder_Init
    main.o(.text) refers to fdiv.o(x$fpl$fdiv) for __aeabi_fdiv
    main.o(.text) refers to faddsub_clz.o(x$fpl$fadd) for __aeabi_fadd
    main.o(.text) refers to fflt_clz.o(x$fpl$ffltu) for __aeabi_ui2f
    main.o(.text) refers to f2d.o(x$fpl$f2d) for __aeabi_f2d
    main.o(.text) refers to ddiv.o(x$fpl$ddiv) for __aeabi_ddiv
    main.o(.text) refers to d2f.o(x$fpl$d2f) for __aeabi_d2f
    main.o(.text) refers to balancecar.o(.text) for Balance_Car_PID
    main.o(.text) refers to main.o(.data) for Car_spd
    system_stm32f10x.o(.text) refers to system_stm32f10x.o(.data) for SystemCoreClock
    led.o(.text) refers to stm32f10x_rcc.o(.text) for RCC_APB2PeriphClockCmd
    led.o(.text) refers to stm32f10x_gpio.o(.text) for GPIO_Init
    key.o(.text) refers to stm32f10x_rcc.o(.text) for RCC_APB2PeriphClockCmd
    key.o(.text) refers to stm32f10x_gpio.o(.text) for GPIO_Init
    key.o(.text) refers to delay.o(.text) for delay_ms
    key.o(.text) refers to key.o(.data) for key_up
    timer.o(.text) refers to stm32f10x_rcc.o(.text) for RCC_APB1PeriphClockCmd
    timer.o(.text) refers to stm32f10x_tim.o(.text) for TIM_TimeBaseInit
    timer.o(.text) refers to misc.o(.text) for NVIC_Init
    timer.o(.text) refers to usart3.o(.data) for USART3_Cont
    timer.o(.text) refers to main.o(.data) for BalanceCar_Cnt
    timer.o(.text) refers to encoder.o(.data) for Encode10_time
    usart3.o(.text) refers to stm32f10x_usart.o(.text) for USART_GetITStatus
    usart3.o(.text) refers to stm32f10x_tim.o(.text) for TIM_SetCounter
    usart3.o(.text) refers to stm32f10x_rcc.o(.text) for RCC_APB2PeriphClockCmd
    usart3.o(.text) refers to stm32f10x_gpio.o(.text) for GPIO_Init
    usart3.o(.text) refers to misc.o(.text) for NVIC_Init
    usart3.o(.text) refers to vsprintf.o(.text) for vsprintf
    usart3.o(.text) refers to strlen.o(.text) for strlen
    usart3.o(.text) refers to usart3.o(.data) for USART3_RX_STA
    usart3.o(.text) refers to usart3.o(.bss) for USART3_RX_BUF
    myiic.o(.text) refers to stm32f10x_rcc.o(.text) for RCC_APB2PeriphClockCmd
    myiic.o(.text) refers to stm32f10x_gpio.o(.text) for GPIO_Init
    myiic.o(.text) refers to delay.o(.text) for delay_us
    oled.o(.text) refers to stm32f10x_gpio.o(.text) for GPIO_SetBits
    oled.o(.text) refers to stm32f10x_rcc.o(.text) for RCC_APB2PeriphClockCmd
    oled.o(.text) refers to delay.o(.text) for delay_ms
    oled.o(.text) refers to oled.o(.constdata) for F8X16
    oled.o(.text) refers to oled.o(.data) for Hzk
    oled.o(.text) refers to fleqf.o(x$fpl$fleqf) for __aeabi_cfcmple
    oled.o(.text) refers to fmul.o(x$fpl$fmul) for __aeabi_fmul
    oled.o(.text) refers to ffixu.o(x$fpl$ffixu) for __aeabi_f2uiz
    oled.o(.text) refers to usart3.o(.text) for u3_printf
    oled.o(.text) refers to fflt_clz.o(x$fpl$ffltu) for __aeabi_ui2f
    oled.o(.text) refers to balancecar.o(.bss) for MPU_data
    oled.o(.text) refers to balancecar.o(.data) for Encoder
    oled.o(.text) refers to usart3.o(.data) for USART3_RX_STA
    oled.o(.text) refers to usart3.o(.bss) for USART3_RX_BUF
    oled.o(.text) refers to main.o(.data) for Car_spd
    delay.o(.text) refers to misc.o(.text) for SysTick_CLKSourceConfig
    delay.o(.text) refers to system_stm32f10x.o(.data) for SystemCoreClock
    delay.o(.text) refers to delay.o(.data) for fac_us
    usart.o(.text) refers (Special) to use_no_semi_2.o(.text) for __use_no_semihosting
    usart.o(.text) refers to stm32f10x_rcc.o(.text) for RCC_APB2PeriphClockCmd
    usart.o(.text) refers to stm32f10x_gpio.o(.text) for GPIO_Init
    usart.o(.text) refers to misc.o(.text) for NVIC_Init
    usart.o(.text) refers to stm32f10x_usart.o(.text) for USART_Init
    usart.o(.text) refers to usart.o(.data) for USART_RX_STA
    usart.o(.text) refers to usart.o(.bss) for USART_RX_BUF
    usart.o(.bss) refers (Special) to use_no_semi_2.o(.text) for __use_no_semihosting
    usart.o(.data) refers (Special) to use_no_semi_2.o(.text) for __use_no_semihosting
    exit.o(.text) refers to stm32f10x_rcc.o(.text) for RCC_APB2PeriphClockCmd
    exit.o(.text) refers to stm32f10x_gpio.o(.text) for GPIO_Init
[...]
    _printf_u                                0x080001e3   Thumb Code     0  _printf_u.o(.ARM.Collect$$_printf_percent$$0000000A)
    _printf_o                                0x080001e9   Thumb Code     0  _printf_o.o(.ARM.Collect$$_printf_percent$$0000000B)
    _printf_x                                0x080001ef   Thumb Code     0  _printf_x.o(.ARM.Collect$$_printf_percent$$0000000C)
    _printf_lli                              0x080001f5   Thumb Code     0  _printf_lli.o(.ARM.Collect$$_printf_percent$$0000000D)
    _printf_lld                              0x080001fb   Thumb Code     0  _printf_lld.o(.ARM.Collect$$_printf_percent$$0000000E)
    _printf_llu                              0x08000201   Thumb Code     0  _printf_llu.o(.ARM.Collect$$_printf_percent$$0000000F)
    _printf_llo                              0x08000207   Thumb Code     0  _printf_llo.o(.ARM.Collect$$_printf_percent$$00000010)
    _printf_llx                              0x0800020d   Thumb Code     0  _printf_llx.o(.ARM.Collect$$_printf_percent$$00000011)
    _printf_l                                0x08000213   Thumb Code     0  _printf_l.o(.ARM.Collect$$_printf_percent$$00000012)
    _printf_c                                0x0800021d   Thumb Code     0  _printf_c.o(.ARM.Collect$$_printf_percent$$00000013)
    _printf_s                                0x08000223   Thumb Code     0  _printf_s.o(.ARM.Collect$$_printf_percent$$00000014)
    _printf_lc                               0x08000229   Thumb Code     0  _printf_lc.o(.ARM.Collect$$_printf_percent$$00000015)
    _printf_ls                               0x0800022f   Thumb Code     0  _printf_ls.o(.ARM.Collect$$_printf_percent$$00000016)
    _printf_percent_end                      0x08000235   Thumb Code     0  _printf_percent_end.o(.ARM.Collect$$_printf_percent$$00000017)
    __rt_lib_init                            0x08000239   Thumb Code     0  libinit.o(.ARM.Collect$$libinit$$00000000)
    __rt_lib_init_fp_1                       0x0800023b   Thumb Code     0  libinit2.o(.ARM.Collect$$libinit$$00000002)
    __rt_lib_init_heap_1                     0x0800023b   Thumb Code     0  libinit2.o(.ARM.Collect$$libinit$$0000000A)
    __rt_lib_init_lc_common                  0x0800023b   Thumb Code     0  libinit2.o(.ARM.Collect$$libinit$$0000000F)
    __rt_lib_init_preinit_1                  0x0800023b   Thumb Code     0  libinit2.o(.ARM.Collect$$libinit$$00000004)
    __rt_lib_init_rand_1                     0x0800023b   Thumb Code     0  libinit2.o(.ARM.Collect$$libinit$$0000000E)
    __rt_lib_init_user_alloc_1               0x0800023b   Thumb Code     0  libinit2.o(.ARM.Collect$$libinit$$0000000C)
    __rt_lib_init_lc_collate_1               0x08000241   Thumb Code     0  libinit2.o(.ARM.Collect$$libinit$$00000011)
    __rt_lib_init_lc_ctype_2                 0x08000241   Thumb Code     0  libinit2.o(.ARM.Collect$$libinit$$00000012)
    __rt_lib_init_lc_ctype_1                 0x0800024d   Thumb Code     0  libinit2.o(.ARM.Collect$$libinit$$00000013)
    __rt_lib_init_lc_monetary_1              0x0800024d   Thumb Code     0  libinit2.o(.ARM.Collect$$libinit$$00000015)
    __rt_lib_init_lc_numeric_2               0x0800024d   Thumb Code     0  libinit2.o(.ARM.Collect$$libinit$$00000016)
    __rt_lib_init_alloca_1                   0x08000257   Thumb Code     0  libinit2.o(.ARM.Collect$$libinit$$0000002E)
    __rt_lib_init_argv_1                     0x08000257   Thumb Code     0  libinit2.o(.ARM.Collect$$libinit$$0000002C)
    __rt_lib_init_atexit_1                   0x08000257   Thumb Code     0  libinit2.o(.ARM.Collect$$libinit$$0000001B)
    __rt_lib_init_clock_1                    0x08000257   Thumb Code     0  libinit2.o(.ARM.Collect$$libinit$$00000021)
    __rt_lib_init_cpp_1                      0x08000257   Thumb Code     0  libinit2.o(.ARM.Collect$$libinit$$00000032)
    __rt_lib_init_exceptions_1               0x08000257   Thumb Code     0  libinit2.o(.ARM.Collect$$libinit$$00000030)
    __rt_lib_init_fp_trap_1                  0x08000257   Thumb Code     0  libinit2.o(.ARM.Collect$$libinit$$0000001F)
    __rt_lib_init_getenv_1                   0x08000257   Thumb Code     0  libinit2.o(.ARM.Collect$$libinit$$00000023)
    __rt_lib_init_lc_numeric_1               0x08000257   Thumb Code     0  libinit2.o(.ARM.Collect$$libinit$$00000017)
    __rt_lib_init_lc_time_1                  0x08000257   Thumb Code     0  libinit2.o(.ARM.Collect$$libinit$$00000019)
    __rt_lib_init_return                     0x08000257   Thumb Code     0  libinit2.o(.ARM.Collect$$libinit$$00000033)
    __rt_lib_init_signal_1                   0x08000257   Thumb Code     0  libinit2.o(.ARM.Collect$$libinit$$0000001D)
    __rt_lib_init_stdio_1                    0x08000257   Thumb Code     0  libinit2.o(.ARM.Collect$$libinit$$00000025)
    __rt_lib_shutdown                        0x08000259   Thumb Code     0  libshutdown.o(.ARM.Collect$$libshutdown$$00000000)
    __rt_lib_shutdown_fp_trap_1              0x0800025b   Thumb Code     0  libshutdown2.o(.ARM.Collect$$libshutdown$$00000006)
    __rt_lib_shutdown_heap_1                 0x0800025b   Thumb Code     0  libshutdown2.o(.ARM.Collect$$libshutdown$$0000000E)
    __rt_lib_shutdown_return                 0x0800025b   Thumb Code     0  libshutdown2.o(.ARM.Collect$$libshutdown$$0000000F)
    __rt_lib_shutdown_signal_1               0x0800025b   Thumb Code     0  libshutdown2.o(.ARM.Collect$$libshutdown$$00000009)
    __rt_lib_shutdown_stdio_1                0x0800025b   Thumb Code     0  libshutdown2.o(.ARM.Collect$$libshutdown$$00000003)
    __rt_lib_shutdown_user_alloc_1           0x0800025b   Thumb Code     0  libshutdown2.o(.ARM.Collect$$libshutdown$$0000000B)
    __rt_entry                               0x0800025d   Thumb Code     0  __rtentry.o(.ARM.Collect$$rtentry$$00000000)
    __rt_entry_presh_1                       0x0800025d   Thumb Code     0  __rtentry2.o(.ARM.Collect$$rtentry$$00000002)
    __rt_entry_sh                            0x0800025d   Thumb Code     0  __rtentry4.o(.ARM.Collect$$rtentry$$00000004)
    __rt_entry_li                            0x08000263   Thumb Code     0  __rtentry2.o(.ARM.Collect$$rtentry$$0000000A)
    __rt_entry_postsh_1                      0x08000263   Thumb Code     0  __rtentry2.o(.ARM.Collect$$rtentry$$00000009)
    __rt_entry_main                          0x08000267   Thumb Code     0  __rtentry2.o(.ARM.Collect$$rtentry$$0000000D)
    __rt_entry_postli_1                      0x08000267   Thumb Code     0  __rtentry2.o(.ARM.Collect$$rtentry$$0000000C)
    __rt_exit                                0x0800026f   Thumb Code     0  rtexit.o(.ARM.Collect$$rtexit$$00000000)
    __rt_exit_ls                             0x08000271   Thumb Code     0  rtexit2.o(.ARM.Collect$$rtexit$$00000003)
    __rt_exit_prels_1                        0x08000271   Thumb Code     0  rtexit2.o(.ARM.Collect$$rtexit$$00000002)
    __rt_exit_exit                           0x08000275   Thumb Code     0  rtexit2.o(.ARM.Collect$$rtexit$$00000004)
    main                                     0x0800027d   Thumb Code   300  main.o(.text)
    NMI_Handler                              0x08000425   Thumb Code     2  stm32f10x_it.o(.text)
    HardFault_Handler                        0x08000427   Thumb Code     4  stm32f10x_it.o(.text)
    MemManage_Handler                        0x0800042b   Thumb Code     4  stm32f10x_it.o(.text)
    BusFault_Handler                         0x0800042f   Thumb Code     4  stm32f10x_it.o(.text)
    UsageFault_Handler                       0x08000433   Thumb Code     4  stm32f10x_it.o(.text)
    SVC_Handler                              0x08000437   Thumb Code     2  stm32f10x_it.o(.text)
    DebugMon_Handler                         0x08000439   Thumb Code     2  stm32f10x_it.o(.text)
    PendSV_Handler                           0x0800043b   Thumb Code     2  stm32f10x_it.o(.text)
    SysTick_Handler                          0x0800043d   Thumb Code     2  stm32f10x_it.o(.text)
    SystemInit                               0x0800051f   Thumb Code    78  system_stm32f10x.o(.text)
    SystemCoreClockUpdate                    0x0800056d   Thumb Code   142  system_stm32f10x.o(.text)
    LED_Init                                 0x08000621   Thumb Code    50  led.o(.text)
    TIM4_Int_Init                            0x08000659   Thumb Code    88  timer.o(.text)
    TIM4_IRQHandler                          0x080006b1   Thumb Code   176  timer.o(.text)
    USART3_IRQHandler                        0x08000785   Thumb Code    94  usart3.o(.text)
    usart3_init                              0x080007e3   Thumb Code   158  usart3.o(.text)
    u3_printf                                0x08000881   Thumb Code    72  usart3.o(.text)
    IIC_Init                                 0x080008e5   Thumb Code    58  myiic.o(.text)
    IIC_Start                                0x0800091f   Thumb Code    68  myiic.o(.text)
    IIC_Stop                                 0x08000963   Thumb Code    62  myiic.o(.text)
    IIC_Wait_Ack                             0x080009a1   Thumb Code    86  myiic.o(.text)
    IIC_Ack                                  0x080009f7   Thumb Code    66  myiic.o(.text)
    IIC_NAck                                 0x08000a39   Thumb Code    66  myiic.o(.text)
    IIC_Send_Byte                            0x08000a7b   Thumb Code    90  myiic.o(.text)
    IIC_Read_Byte                            0x08000ad5   Thumb Code    98  myiic.o(.text)
    OLED_WR_Byte                             0x08000b45   Thumb Code   122  oled.o(.text)
    OLED_Set_Pos                             0x08000bbf   Thumb Code    46  oled.o(.text)
    OLED_Display_On                          0x08000bed   Thumb Code    28  oled.o(.text)
    OLED_Display_Off                         0x08000c09   Thumb Code    28  oled.o(.text)
    OLED_Clear                               0x08000c25   Thumb Code    64  oled.o(.text)
    OLED_ShowChar                            0x08000c65   Thumb Code   106  oled.o(.text)
    oled_pow                                 0x08000ccf   Thumb Code    22  oled.o(.text)
    OLED_ShowNum                             0x08000ce5   Thumb Code   132  oled.o(.text)
    OLED_ShowString                          0x08000d69   Thumb Code    54  oled.o(.text)
    OLED_ShowCHinese                         0x08000d9f   Thumb Code    98  oled.o(.text)
    OLED_DrawBMP                             0x08000e01   Thumb Code   118  oled.o(.text)
    OLED_Init                                0x08000e77   Thumb Code   350  oled.o(.text)
    Display_Data                             0x08000fd5   Thumb Code   600  oled.o(.text)
    delay_init                               0x08001261   Thumb Code    50  delay.o(.text)
    delay_us                                 0x08001293   Thumb Code    72  delay.o(.text)
    delay_ms                                 0x080012db   Thumb Code    72  delay.o(.text)
    _sys_exit                                0x08001335   Thumb Code     4  usart.o(.text)
    fputc                                    0x08001339   Thumb Code    24  usart.o(.text)
    uart_init                                0x08001351   Thumb Code   152  usart.o(.text)
    USART1_IRQHandler                        0x080013e9   Thumb Code   122  usart.o(.text)
    EXTIX_Init                               0x08001475   Thumb Code   250  exit.o(.text)
    Reset_Handler                            0x08001575   Thumb Code     8  startup_stm32f10x_md.o(.text)
    ADC1_2_IRQHandler                        0x0800158f   Thumb Code     0  startup_stm32f10x_md.o(.text)
    CAN1_RX1_IRQHandler                      0x0800158f   Thumb Code     0  startup_stm32f10x_md.o(.text)
    CAN1_SCE_IRQHandler                      0x0800158f   Thumb Code     0  startup_stm32f10x_md.o(.text)
    DMA1_Channel1_IRQHandler                 0x0800158f   Thumb Code     0  startup_stm32f10x_md.o(.text)
    DMA1_Channel2_IRQHandler                 0x0800158f   Thumb Code     0  startup_stm32f10x_md.o(.text)
    DMA1_Channel3_IRQHandler                 0x0800158f   Thumb Code     0  startup_stm32f10x_md.o(.text)
    DMA1_Channel4_IRQHandler                 0x0800158f   Thumb Code     0  startup_stm32f10x_md.o(.text)
    DMA1_Channel5_IRQHandler                 0x0800158f   Thumb Code     0  startup_stm32f10x_md.o(.text)
    DMA1_Channel6_IRQHandler                 0x0800158f   Thumb Code     0  startup_stm32f10x_md.o(.text)
    DMA1_Channel7_IRQHandler                 0x0800158f   Thumb Code     0  startup_stm32f10x_md.o(.text)
    EXTI15_10_IRQHandler                     0x0800158f   Thumb Code     0  startup_stm32f10x_md.o(.text)
    EXTI1_IRQHandler                         0x0800158f   Thumb Code     0  startup_stm32f10x_md.o(.text)
    EXTI3_IRQHandler                         0x0800158f   Thumb Code     0  startup_stm32f10x_md.o(.text)
    FLASH_IRQHandler                         0x0800158f   Thumb Code     0  startup_stm32f10x_md.o(.text)
    I2C1_ER_IRQHandler                       0x0800158f   Thumb Code     0  startup_stm32f10x_md.o(.text)
    I2C1_EV_IRQHandler                       0x0800158f   Thumb Code     0  startup_stm32f10x_md.o(.text)
    I2C2_ER_IRQHandler                       0x0800158f   Thumb Code     0  startup_stm32f10x_md.o(.text)
    I2C2_EV_IRQHandler                       0x0800158f   Thumb Code     0  startup_stm32f10x_md.o(.text)
    PVD_IRQHandler                           0x0800158f   Thumb Code     0  startup_stm32f10x_md.o(.text)
    RCC_IRQHandler                           0x0800158f   Thumb Code     0  startup_stm32f10x_md.o(.text)
    RTCAlarm_IRQHandler                      0x0800158f   Thumb Code     0  startup_stm32f10x_md.o(.text)
    RTC_IRQHandler                           0x0800158f   Thumb Code     0  startup_stm32f10x_md.o(.text)
    SPI1_IRQHandler                          0x0800158f   Thumb Code     0  startup_stm32f10x_md.o(.text)
    SPI2_IRQHandler                          0x0800158f   Thumb Code     0  startup_stm32f10x_md.o(.text)
    TAMPER_IRQHandler                        0x0800158f   Thumb Code     0  startup_stm32f10x_md.o(.text)
    TIM1_BRK_IRQHandler                      0x0800158f   Thumb Code     0  startup_stm32f10x_md.o(.text)
    TIM1_CC_IRQHandler                       0x0800158f   Thumb Code     0  startup_stm32f10x_md.o(.text)
    TIM1_TRG_COM_IRQHandler                  0x0800158f   Thumb Code     0  startup_stm32f10x_md.o(.text)
    TIM1_UP_IRQHandler                       0x0800158f   Thumb Code     0  startup_stm32f10x_md.o(.text)
    TIM2_IRQHandler                          0x0800158f   Thumb Code     0  startup_stm32f10x_md.o(.text)
    TIM3_IRQHandler                          0x0800158f   Thumb Code     0  startup_stm32f10x_md.o(.text)
    USART2_IRQHandler                        0x0800158f   Thumb Code     0  startup_stm32f10x_md.o(.text)
    USBWakeUp_IRQHandler                     0x0800158f   Thumb Code     0  startup_stm32f10x_md.o(.text)
    USB_HP_CAN1_TX_IRQHandler                0x0800158f   Thumb Code     0  startup_stm32f10x_md.o(.text)
    USB_LP_CAN1_RX0_IRQHandler               0x0800158f   Thumb Code     0  startup_stm32f10x_md.o(.text)
    WWDG_IRQHandler                          0x0800158f   Thumb Code     0  startup_stm32f10x_md.o(.text)
    __user_initial_stackheap                 0x08001591   Thumb Code     0  startup_stm32f10x_md.o(.text)
    NVIC_PriorityGroupConfig                 0x080015b5   Thumb Code    10  misc.o(.text)
    NVIC_Init                                0x080015bf   Thumb Code   100  misc.o(.text)
    NVIC_SetVectorTable                      0x08001623   Thumb Code    14  misc.o(.text)
    NVIC_SystemLPConfig                      0x08001631   Thumb Code    34  misc.o(.text)
    SysTick_CLKSourceConfig                  0x08001653   Thumb Code    40  misc.o(.text)
    GPIO_DeInit                              0x08001691   Thumb Code   172  stm32f10x_gpio.o(.text)
    GPIO_AFIODeInit                          0x0800173d   Thumb Code    20  stm32f10x_gpio.o(.text)
    GPIO_Init                                0x08001751   Thumb Code   278  stm32f10x_gpio.o(.text)
    GPIO_StructInit                          0x08001867   Thumb Code    16  stm32f10x_gpio.o(.text)
    GPIO_ReadInputDataBit                    0x08001877   Thumb Code    18  stm32f10x_gpio.o(.text)
    GPIO_ReadInputData                       0x08001889   Thumb Code     8  stm32f10x_gpio.o(.text)
    GPIO_ReadOutputDataBit                   0x08001891   Thumb Code    18  stm32f10x_gpio.o(.text)
    GPIO_ReadOutputData                      0x080018a3   Thumb Code     8  stm32f10x_gpio.o(.text)
    GPIO_SetBits                             0x080018ab   Thumb Code     4  stm32f10x_gpio.o(.text)
    GPIO_ResetBits                           0x080018af   Thumb Code     4  stm32f10x_gpio.o(.text)
    GPIO_WriteBit                            0x080018b3   Thumb Code    10  stm32f10x_gpio.o(.text)
    GPIO_Write                               0x080018bd   Thumb Code     4  stm32f10x_gpio.o(.text)
    GPIO_PinLockConfig                       0x080018c1   Thumb Code    18  stm32f10x_gpio.o(.text)
    GPIO_EventOutputConfig                   0x080018d3   Thumb Code    26  stm32f10x_gpio.o(.text)
    GPIO_EventOutputCmd                      0x080018ed   Thumb Code     6  stm32f10x_gpio.o(.text)
    GPIO_PinRemapConfig                      0x080018f3   Thumb Code   138  stm32f10x_gpio.o(.text)
    GPIO_EXTILineConfig                      0x0800197d   Thumb Code    66  stm32f10x_gpio.o(.text)
    GPIO_ETH_MediaInterfaceConfig            0x080019bf   Thumb Code     8  stm32f10x_gpio.o(.text)
    RCC_DeInit                               0x080019ed   Thumb Code    64  stm32f10x_rcc.o(.text)
    RCC_HSEConfig                            0x08001a2d   Thumb Code    70  stm32f10x_rcc.o(.text)
    RCC_GetFlagStatus                        0x08001a73   Thumb Code    56  stm32f10x_rcc.o(.text)
    RCC_WaitForHSEStartUp                    0x08001aab   Thumb Code    56  stm32f10x_rcc.o(.text)
    RCC_AdjustHSICalibrationValue            0x08001ae3   Thumb Code    20  stm32f10x_rcc.o(.text)
    RCC_HSICmd                               0x08001af7   Thumb Code     6  stm32f10x_rcc.o(.text)
    RCC_PLLConfig                            0x08001afd   Thumb Code    24  stm32f10x_rcc.o(.text)
    RCC_PLLCmd                               0x08001b15   Thumb Code     6  stm32f10x_rcc.o(.text)
    RCC_SYSCLKConfig                         0x08001b1b   Thumb Code    18  stm32f10x_rcc.o(.text)
    RCC_GetSYSCLKSource                      0x08001b2d   Thumb Code    10  stm32f10x_rcc.o(.text)
    RCC_HCLKConfig                           0x08001b37   Thumb Code    18  stm32f10x_rcc.o(.text)
    RCC_PCLK1Config                          0x08001b49   Thumb Code    18  stm32f10x_rcc.o(.text)
    RCC_PCLK2Config                          0x08001b5b   Thumb Code    20  stm32f10x_rcc.o(.text)
    RCC_ITConfig                             0x08001b6f   Thumb Code    26  stm32f10x_rcc.o(.text)
    RCC_USBCLKConfig                         0x08001b89   Thumb Code     8  stm32f10x_rcc.o(.text)
    RCC_ADCCLKConfig                         0x08001b91   Thumb Code    18  stm32f10x_rcc.o(.text)
    RCC_LSEConfig                            0x08001ba3   Thumb Code    50  stm32f10x_rcc.o(.text)
    RCC_LSICmd                               0x08001bd5   Thumb Code     6  stm32f10x_rcc.o(.text)
    RCC_RTCCLKConfig                         0x08001bdb   Thumb Code    12  stm32f10x_rcc.o(.text)
    RCC_RTCCLKCmd                            0x08001be7   Thumb Code     8  stm32f10x_rcc.o(.text)
    RCC_GetClocksFreq                        0x08001bef   Thumb Code   192  stm32f10x_rcc.o(.text)
    RCC_AHBPeriphClockCmd                    0x08001caf   Thumb Code    26  stm32f10x_rcc.o(.text)
    RCC_APB2PeriphClockCmd                   0x08001cc9   Thumb Code    26  stm32f10x_rcc.o(.text)
    RCC_APB1PeriphClockCmd                   0x08001ce3   Thumb Code    26  stm32f10x_rcc.o(.text)
    RCC_APB2PeriphResetCmd                   0x08001cfd   Thumb Code    26  stm32f10x_rcc.o(.text)
    RCC_APB1PeriphResetCmd                   0x08001d17   Thumb Code    26  stm32f10x_rcc.o(.text)
    RCC_BackupResetCmd                       0x08001d31   Thumb Code     8  stm32f10x_rcc.o(.text)
    RCC_ClockSecuritySystemCmd               0x08001d39   Thumb Code     6  stm32f10x_rcc.o(.text)
    RCC_MCOConfig                            0x08001d3f   Thumb Code     6  stm32f10x_rcc.o(.text)
    RCC_ClearFlag                            0x08001d45   Thumb Code    14  stm32f10x_rcc.o(.text)
    RCC_GetITStatus                          0x08001d53   Thumb Code    20  stm32f10x_rcc.o(.text)
    RCC_ClearITPendingBit                    0x08001d67   Thumb Code     6  stm32f10x_rcc.o(.text)
    USART_DeInit                             0x08001d91   Thumb Code   134  stm32f10x_usart.o(.text)
    USART_Init                               0x08001e17   Thumb Code   210  stm32f10x_usart.o(.text)
    USART_StructInit                         0x08001ee9   Thumb Code    24  stm32f10x_usart.o(.text)
    USART_ClockInit                          0x08001f01   Thumb Code    34  stm32f10x_usart.o(.text)
    USART_ClockStructInit                    0x08001f23   Thumb Code    12  stm32f10x_usart.o(.text)
    USART_Cmd                                0x08001f2f   Thumb Code    24  stm32f10x_usart.o(.text)
    USART_ITConfig                           0x08001f47   Thumb Code    74  stm32f10x_usart.o(.text)
    USART_DMACmd                             0x08001f91   Thumb Code    18  stm32f10x_usart.o(.text)
    USART_SetAddress                         0x08001fa3   Thumb Code    18  stm32f10x_usart.o(.text)
    USART_WakeUpConfig                       0x08001fb5   Thumb Code    18  stm32f10x_usart.o(.text)
    USART_ReceiverWakeUpCmd                  0x08001fc7   Thumb Code    24  stm32f10x_usart.o(.text)
    USART_LINBreakDetectLengthConfig         0x08001fdf   Thumb Code    18  stm32f10x_usart.o(.text)
    USART_LINCmd                             0x08001ff1   Thumb Code    24  stm32f10x_usart.o(.text)
    USART_SendData                           0x08002009   Thumb Code     8  stm32f10x_usart.o(.text)
    USART_ReceiveData                        0x08002011   Thumb Code    10  stm32f10x_usart.o(.text)
    USART_SendBreak                          0x0800201b   Thumb Code    10  stm32f10x_usart.o(.text)
    USART_SetGuardTime                       0x08002025   Thumb Code    16  stm32f10x_usart.o(.text)
    USART_SetPrescaler                       0x08002035   Thumb Code    16  stm32f10x_usart.o(.text)
    USART_SmartCardCmd                       0x08002045   Thumb Code    24  stm32f10x_usart.o(.text)
    USART_SmartCardNACKCmd                   0x0800205d   Thumb Code    24  stm32f10x_usart.o(.text)
    USART_HalfDuplexCmd                      0x08002075   Thumb Code    24  stm32f10x_usart.o(.text)
    USART_OverSampling8Cmd                   0x0800208d   Thumb Code    22  stm32f10x_usart.o(.text)
    USART_OneBitMethodCmd                    0x080020a3   Thumb Code    24  stm32f10x_usart.o(.text)
    USART_IrDAConfig                         0x080020bb   Thumb Code    18  stm32f10x_usart.o(.text)
    USART_IrDACmd                            0x080020cd   Thumb Code    24  stm32f10x_usart.o(.text)
    USART_GetFlagStatus                      0x080020e5   Thumb Code    26  stm32f10x_usart.o(.text)
    USART_ClearFlag                          0x080020ff   Thumb Code    18  stm32f10x_usart.o(.text)
    USART_GetITStatus                        0x08002111   Thumb Code    84  stm32f10x_usart.o(.text)
    USART_ClearITPendingBit                  0x08002165   Thumb Code    52  stm32f10x_usart.o(.text)
    TIM_DeInit                               0x08002199   Thumb Code   424  stm32f10x_tim.o(.text)
    TIM_TimeBaseInit                         0x08002341   Thumb Code   122  stm32f10x_tim.o(.text)
    TIM_OC1Init                              0x080023bb   Thumb Code   132  stm32f10x_tim.o(.text)
    TIM_OC2Init                              0x0800243f   Thumb Code   154  stm32f10x_tim.o(.text)
    TIM_OC3Init                              0x080024d9   Thumb Code   150  stm32f10x_tim.o(.text)
    TIM_OC4Init                              0x0800256f   Thumb Code   182  stm32f10x_tim.o(.text)
    TIM_SetIC4Prescaler                      0x08002625   Thumb Code    26  stm32f10x_tim.o(.text)
    TIM_SetIC3Prescaler                      0x080026c1   Thumb Code    18  stm32f10x_tim.o(.text)
    TIM_SetIC2Prescaler                      0x0800274d   Thumb Code    26  stm32f10x_tim.o(.text)
    TIM_SetIC1Prescaler                      0x080027e9   Thumb Code    18  stm32f10x_tim.o(.text)
    TIM_ICInit                               0x08002867   Thumb Code   150  stm32f10x_tim.o(.text)
    TIM_PWMIConfig                           0x080028fd   Thumb Code   124  stm32f10x_tim.o(.text)
    TIM_BDTRConfig                           0x08002979   Thumb Code    32  stm32f10x_tim.o(.text)
    TIM_TimeBaseStructInit                   0x08002999   Thumb Code    18  stm32f10x_tim.o(.text)
    TIM_OCStructInit                         0x080029ab   Thumb Code    20  stm32f10x_tim.o(.text)
    TIM_ICStructInit                         0x080029bf   Thumb Code    18  stm32f10x_tim.o(.text)
    TIM_BDTRStructInit                       0x080029d1   Thumb Code    40  stm32f10x_tim.o(.text)
    TIM_Cmd                                  0x080029f9   Thumb Code    24  stm32f10x_tim.o(.text)
    TIM_CtrlPWMOutputs                       0x08002a11   Thumb Code    30  stm32f10x_tim.o(.text)
    TIM_ITConfig                             0x08002a2f   Thumb Code    18  stm32f10x_tim.o(.text)
    TIM_GenerateEvent                        0x08002a41   Thumb Code     4  stm32f10x_tim.o(.text)
    TIM_DMAConfig                            0x08002a45   Thumb Code    10  stm32f10x_tim.o(.text)
    TIM_DMACmd                               0x08002a4f   Thumb Code    18  stm32f10x_tim.o(.text)
    TIM_InternalClockConfig                  0x08002a61   Thumb Code    12  stm32f10x_tim.o(.text)
    TIM_SelectInputTrigger                   0x08002a6d   Thumb Code    18  stm32f10x_tim.o(.text)
    TIM_ITRxExternalClockConfig              0x08002a7f   Thumb Code    24  stm32f10x_tim.o(.text)
    TIM_TIxExternalClockConfig               0x08002a97   Thumb Code    62  stm32f10x_tim.o(.text)
    TIM_ETRConfig                            0x08002ad5   Thumb Code    28  stm32f10x_tim.o(.text)
    TIM_ETRClockMode1Config                  0x08002af1   Thumb Code    54  stm32f10x_tim.o(.text)
    TIM_ETRClockMode2Config                  0x08002b27   Thumb Code    32  stm32f10x_tim.o(.text)
    TIM_PrescalerConfig                      0x08002b47   Thumb Code     6  stm32f10x_tim.o(.text)
    TIM_CounterModeConfig                    0x08002b4d   Thumb Code    18  stm32f10x_tim.o(.text)
    TIM_EncoderInterfaceConfig               0x08002b5f   Thumb Code    66  stm32f10x_tim.o(.text)
    TIM_ForcedOC1Config                      0x08002ba1   Thumb Code    18  stm32f10x_tim.o(.text)
    TIM_ForcedOC2Config                      0x08002bb3   Thumb Code    26  stm32f10x_tim.o(.text)
    TIM_ForcedOC3Config                      0x08002bcd   Thumb Code    18  stm32f10x_tim.o(.text)
    TIM_ForcedOC4Config                      0x08002bdf   Thumb Code    26  stm32f10x_tim.o(.text)
    TIM_ARRPreloadConfig                     0x08002bf9   Thumb Code    24  stm32f10x_tim.o(.text)
    TIM_SelectCOM                            0x08002c11   Thumb Code    24  stm32f10x_tim.o(.text)
    TIM_SelectCCDMA                          0x08002c29   Thumb Code    24  stm32f10x_tim.o(.text)
    TIM_CCPreloadControl                     0x08002c41   Thumb Code    24  stm32f10x_tim.o(.text)
    TIM_OC1PreloadConfig                     0x08002c59   Thumb Code    18  stm32f10x_tim.o(.text)
    TIM_OC2PreloadConfig                     0x08002c6b   Thumb Code    26  stm32f10x_tim.o(.text)
    TIM_OC3PreloadConfig                     0x08002c85   Thumb Code    18  stm32f10x_tim.o(.text)
    TIM_OC4PreloadConfig                     0x08002c97   Thumb Code    26  stm32f10x_tim.o(.text)
    TIM_OC1FastConfig                        0x08002cb1   Thumb Code    18  stm32f10x_tim.o(.text)
    TIM_OC2FastConfig                        0x08002cc3   Thumb Code    26  stm32f10x_tim.o(.text)
    TIM_OC3FastConfig                        0x08002cdd   Thumb Code    18  stm32f10x_tim.o(.text)
    TIM_OC4FastConfig                        0x08002cef   Thumb Code    26  stm32f10x_tim.o(.text)
    TIM_ClearOC1Ref                          0x08002d09   Thumb Code    18  stm32f10x_tim.o(.text)
    TIM_ClearOC2Ref                          0x08002d1b   Thumb Code    24  stm32f10x_tim.o(.text)
    TIM_ClearOC3Ref                          0x08002d33   Thumb Code    18  stm32f10x_tim.o(.text)
    TIM_ClearOC4Ref                          0x08002d45   Thumb Code    24  stm32f10x_tim.o(.text)
    TIM_OC1PolarityConfig                    0x08002d5d   Thumb Code    18  stm32f10x_tim.o(.text)
    TIM_OC1NPolarityConfig                   0x08002d6f   Thumb Code    18  stm32f10x_tim.o(.text)
    TIM_OC2PolarityConfig                    0x08002d81   Thumb Code    26  stm32f10x_tim.o(.text)
    TIM_OC2NPolarityConfig                   0x08002d9b   Thumb Code    26  stm32f10x_tim.o(.text)
    TIM_OC3PolarityConfig                    0x08002db5   Thumb Code    26  stm32f10x_tim.o(.text)
    TIM_OC3NPolarityConfig                   0x08002dcf   Thumb Code    26  stm32f10x_tim.o(.text)
    TIM_OC4PolarityConfig                    0x08002de9   Thumb Code    26  stm32f10x_tim.o(.text)
    TIM_CCxCmd                               0x08002e03   Thumb Code    30  stm32f10x_tim.o(.text)
    TIM_CCxNCmd                              0x08002e21   Thumb Code    30  stm32f10x_tim.o(.text)
    TIM_SelectOCxM                           0x08002e3f   Thumb Code    82  stm32f10x_tim.o(.text)
    TIM_UpdateDisableConfig                  0x08002e91   Thumb Code    24  stm32f10x_tim.o(.text)
    TIM_UpdateRequestConfig                  0x08002ea9   Thumb Code    24  stm32f10x_tim.o(.text)
    TIM_SelectHallSensor                     0x08002ec1   Thumb Code    24  stm32f10x_tim.o(.text)
    TIM_SelectOnePulseMode                   0x08002ed9   Thumb Code    18  stm32f10x_tim.o(.text)
    TIM_SelectOutputTrigger                  0x08002eeb   Thumb Code    18  stm32f10x_tim.o(.text)
    TIM_SelectSlaveMode                      0x08002efd   Thumb Code    18  stm32f10x_tim.o(.text)
    TIM_SelectMasterSlaveMode                0x08002f0f   Thumb Code    18  stm32f10x_tim.o(.text)
    TIM_SetCounter                           0x08002f21   Thumb Code     4  stm32f10x_tim.o(.text)
    TIM_SetAutoreload                        0x08002f25   Thumb Code     4  stm32f10x_tim.o(.text)
    TIM_SetCompare1                          0x08002f29   Thumb Code     4  stm32f10x_tim.o(.text)
    TIM_SetCompare2                          0x08002f2d   Thumb Code     4  stm32f10x_tim.o(.text)
    TIM_SetCompare3                          0x08002f31   Thumb Code     4  stm32f10x_tim.o(.text)
    TIM_SetCompare4                          0x08002f35   Thumb Code     6  stm32f10x_tim.o(.text)
    TIM_SetClockDivision                     0x08002f3b   Thumb Code    18  stm32f10x_tim.o(.text)
    TIM_GetCapture1                          0x08002f4d   Thumb Code     6  stm32f10x_tim.o(.text)
    TIM_GetCapture2                          0x08002f53   Thumb Code     6  stm32f10x_tim.o(.text)
    TIM_GetCapture3                          0x08002f59   Thumb Code     6  stm32f10x_tim.o(.text)
    TIM_GetCapture4                          0x08002f5f   Thumb Code     8  stm32f10x_tim.o(.text)
    TIM_GetCounter                           0x08002f67   Thumb Code     6  stm32f10x_tim.o(.text)
    TIM_GetPrescaler                         0x08002f6d   Thumb Code     6  stm32f10x_tim.o(.text)
    TIM_GetFlagStatus                        0x08002f73   Thumb Code    18  stm32f10x_tim.o(.text)
    TIM_ClearFlag                            0x08002f85   Thumb Code     6  stm32f10x_tim.o(.text)
    TIM_GetITStatus                          0x08002f8b   Thumb Code    34  stm32f10x_tim.o(.text)
    TIM_ClearITPendingBit                    0x08002fad   Thumb Code     6  stm32f10x_tim.o(.text)
    EXTI_DeInit                              0x08002fb5   Thumb Code    28  stm32f10x_exti.o(.text)
    EXTI_Init                                0x08002fd1   Thumb Code   142  stm32f10x_exti.o(.text)
    EXTI_StructInit                          0x0800305f   Thumb Code    16  stm32f10x_exti.o(.text)
    EXTI_GenerateSWInterrupt                 0x0800306f   Thumb Code    16  stm32f10x_exti.o(.text)
    EXTI_GetFlagStatus                       0x0800307f   Thumb Code    22  stm32f10x_exti.o(.text)
    EXTI_ClearFlag                           0x08003095   Thumb Code     8  stm32f10x_exti.o(.text)
    EXTI_GetITStatus                         0x0800309d   Thumb Code    34  stm32f10x_exti.o(.text)
    EXTI_ClearITPendingBit                   0x080030bf   Thumb Code     8  stm32f10x_exti.o(.text)
    ble_check_cmd                            0x080030d1   Thumb Code    44  ble_uart.o(.text)
    ble_send_cmd                             0x080030fd   Thumb Code   116  ble_uart.o(.text)
    Ble_IoInit                               0x08003185   Thumb Code    12  ble_app.o(.text)
    Ble_SetInit                              0x08003191   Thumb Code   440  ble_app.o(.text)
    Ble_SendData                             0x08003349   Thumb Code    46  ble_app.o(.text)
    BLE_SendData                             0x08003377   Thumb Code    14  ble_app.o(.text)
    BLE_ReceData                             0x08003385   Thumb Code    54  ble_app.o(.text)
    Ble_ReceData                             0x080033bb   Thumb Code   136  ble_app.o(.text)
    Ble_Process                              0x08003443   Thumb Code     2  ble_app.o(.text)
    Ble_Test                                 0x08003445   Thumb Code    22  ble_app.o(.text)
    MPU_Write_Byte                           0x0800369d   Thumb Code    68  mpu6050.o(.text)
    MPU_Set_LPF                              0x080036e1   Thumb Code    58  mpu6050.o(.text)
    MPU_Set_Rate                             0x0800371b   Thumb Code    58  mpu6050.o(.text)
    MPU_Read_Byte                            0x08003755   Thumb Code    58  mpu6050.o(.text)
    MPU_Set_Accel_Fsr                        0x0800378f   Thumb Code    16  mpu6050.o(.text)
    MPU_Set_Gyro_Fsr                         0x0800379f   Thumb Code    16  mpu6050.o(.text)
    MPU_Init                                 0x080037af   Thumb Code   122  mpu6050.o(.text)
    MPU_Read_Len                             0x08003829   Thumb Code   116  mpu6050.o(.text)
    MPU_Get_Temperature                      0x0800389d   Thumb Code    86  mpu6050.o(.text)
    MPU_Get_Gyroscope                        0x080038f3   Thumb Code    80  mpu6050.o(.text)
    MPU_Get_Accelerometer                    0x08003943   Thumb Code    80  mpu6050.o(.text)
    MPU_Write_Len                            0x08003993   Thumb Code    96  mpu6050.o(.text)
    usart3_trandata                          0x080039f3   Thumb Code   208  mpu6050.o(.text)
    usart1_send_char                         0x08003ac3   Thumb Code    28  mpu6050.o(.text)
    usart1_niming_report                     0x08003adf   Thumb Code   118  mpu6050.o(.text)
    mpu6050_send_data                        0x08003b55   Thumb Code   110  mpu6050.o(.text)
    usart1_report_imu                        0x08003bc3   Thumb Code   192  mpu6050.o(.text)
    MPU6050_Data_Read                        0x08003c83   Thumb Code   922  mpu6050.o(.text)
    PID_Angle                                0x08004051   Thumb Code   202  balancecar.o(.text)
    PID_Speed                                0x0800411b   Thumb Code   416  balancecar.o(.text)
    PID_Turn                                 0x080042bb   Thumb Code   120  balancecar.o(.text)
    Balance_Car_PID                          0x08004333   Thumb Code   126  balancecar.o(.text)
    EXTI0_IRQHandler                         0x08004431   Thumb Code    68  encoder.o(.text)
    EXTI2_IRQHandler                         0x08004475   Thumb Code    34  encoder.o(.text)
    EXTI4_IRQHandler                         0x08004497   Thumb Code    70  encoder.o(.text)
    EXTI9_5_IRQHandler                       0x080044dd   Thumb Code    34  encoder.o(.text)
    Encoder_Init                             0x080044ff   Thumb Code     8  encoder.o(.text)
    Encode_Read                              0x08004507   Thumb Code    68  encoder.o(.text)
    TIM3_PWM_Init                            0x0800457d   Thumb Code   158  motor.o(.text)
    CntlIO_Init                              0x0800461b   Thumb Code    38  motor.o(.text)
    Motor_Init                               0x08004641   Thumb Code    18  motor.o(.text)
    PWM_Map                                  0x08004653   Thumb Code   304  motor.o(.text)
    __use_no_semihosting                     0x08004799   Thumb Code     2  use_no_semi_2.o(.text)
    vsprintf                                 0x0800479d   Thumb Code    32  vsprintf.o(.text)
    __2printf                                0x080047c1   Thumb Code    20  __2printf.o(.text)
    __2sprintf                               0x080047d9   Thumb Code    38  __2sprintf.o(.text)
    _printf_pre_padding                      0x08004805   Thumb Code    44  _printf_pad.o(.text)
    _printf_post_padding                     0x08004831   Thumb Code    34  _printf_pad.o(.text)
    _printf_str                              0x08004853   Thumb Code    82  _printf_str.o(.text)
    _printf_int_dec                          0x080048a5   Thumb Code   104  _printf_dec.o(.text)
    _printf_longlong_hex                     0x0800491d   Thumb Code    86  _printf_hex_int_ll_ptr.o(.text)
    _printf_int_hex                          0x08004973   Thumb Code    28  _printf_hex_int_ll_ptr.o(.text)
    _printf_ll_hex                           0x0800498f   Thumb Code    12  _printf_hex_int_ll_ptr.o(.text)
    _printf_hex_ptr                          0x0800499b   Thumb Code    18  _printf_hex_int_ll_ptr.o(.text)
    __printf                                 0x080049b1   Thumb Code   388  __printf_flags_ss_wp.o(.text)
    strstr                                   0x08004b39   Thumb Code    36  strstr.o(.text)
    strcpy                                   0x08004b5d   Thumb Code    72  strcpy.o(.text)
    strlen                                   0x08004ba5   Thumb Code    62  strlen.o(.text)
    __aeabi_memclr                           0x08004be3   Thumb Code     0  rt_memclr.o(.text)
    __rt_memclr                              0x08004be3   Thumb Code    68  rt_memclr.o(.text)
    _memset                                  0x08004be7   Thumb Code     0  rt_memclr.o(.text)
    __use_two_region_memory                  0x08004c27   Thumb Code     2  heapauxi.o(.text)
    __rt_heap_escrow$2region                 0x08004c29   Thumb Code     2  heapauxi.o(.text)
    __rt_heap_expand$2region                 0x08004c2b   Thumb Code     2  heapauxi.o(.text)
    __I$use$semihosting                      0x08004c2d   Thumb Code     0  use_no_semi.o(.text)
    __use_no_semihosting_swi                 0x08004c2d   Thumb Code     2  use_no_semi.o(.text)
    __read_errno                             0x08004c2f   Thumb Code    10  _rserrno.o(.text)
    __set_errno                              0x08004c39   Thumb Code    12  _rserrno.o(.text)
    _printf_truncate_signed                  0x08004c45   Thumb Code    18  _printf_truncate.o(.text)
    _printf_truncate_unsigned                0x08004c57   Thumb Code    18  _printf_truncate.o(.text)
    _printf_int_common                       0x08004c69   Thumb Code   178  _printf_intcommon.o(.text)
    _printf_charcount                        0x08004d1b   Thumb Code    40  _printf_charcount.o(.text)
    _printf_char_common                      0x08004d4f   Thumb Code    32  _printf_char_common.o(.text)
    _sputc                                   0x08004d75   Thumb Code    10  _sputc.o(.text)
    _printf_cs_common                        0x08004d7f   Thumb Code    20  _printf_char.o(.text)
    _printf_char                             0x08004d93   Thumb Code    16  _printf_char.o(.text)
    _printf_string                           0x08004da3   Thumb Code     8  _printf_char.o(.text)
    _printf_char_file                        0x08004dad   Thumb Code    32  _printf_char_file.o(.text)
    _printf_wctomb                           0x08004dd1   Thumb Code   182  _printf_wctomb.o(.text)
    _printf_longlong_dec                     0x08004e8d   Thumb Code   108  _printf_longlong_dec.o(.text)
    _printf_longlong_oct                     0x08004f09   Thumb Code    68  _printf_oct_int_ll.o(.text)
    _printf_int_oct                          0x08004f4d   Thumb Code    24  _printf_oct_int_ll.o(.text)
    _printf_ll_oct                           0x08004f65   Thumb Code    12  _printf_oct_int_ll.o(.text)
    __aeabi_memclr4                          0x08004f79   Thumb Code     0  rt_memclr_w.o(.text)
    __aeabi_memclr8                          0x08004f79   Thumb Code     0  rt_memclr_w.o(.text)
    __rt_memclr_w                            0x08004f79   Thumb Code    78  rt_memclr_w.o(.text)
    _memset_w                                0x08004f7d   Thumb Code     0  rt_memclr_w.o(.text)
    __aeabi_errno_addr                       0x08004fc9   Thumb Code     8  rt_errno_addr_intlibspace.o(.text)
    __errno$intlibspace                      0x08004fc9   Thumb Code     0  rt_errno_addr_intlibspace.o(.text)
    __rt_errno_addr$intlibspace              0x08004fc9   Thumb Code     0  rt_errno_addr_intlibspace.o(.text)
    _ll_udiv10                               0x08004fd1   Thumb Code   138  lludiv10.o(.text)
    __lib_sel_fp_printf                      0x0800505b   Thumb Code     2  _printf_fp_dec.o(.text)
    _printf_fp_dec_real                      0x08005209   Thumb Code   620  _printf_fp_dec.o(.text)
    _printf_fp_hex_real                      0x08005475   Thumb Code   754  _printf_fp_hex.o(.text)
    _printf_lcs_common                       0x08005771   Thumb Code    20  _printf_wchar.o(.text)
    _printf_wchar                            0x08005785   Thumb Code    16  _printf_wchar.o(.text)
    _printf_wstring                          0x08005795   Thumb Code     8  _printf_wchar.o(.text)
    ferror                                   0x0800579d   Thumb Code     8  ferror.o(.text)
    _wcrtomb                                 0x080057a5   Thumb Code    64  _wcrtomb.o(.text)
    __user_libspace                          0x080057e5   Thumb Code     8  libspace.o(.text)
    __user_perproc_libspace                  0x080057e5   Thumb Code     0  libspace.o(.text)
    __user_perthread_libspace                0x080057e5   Thumb Code     0  libspace.o(.text)
    __user_setup_stackheap                   0x080057ed   Thumb Code    74  sys_stackheap_outer.o(.text)
    __rt_ctype_table                         0x08005839   Thumb Code    16  rt_ctype_table.o(.text)
    __rt_locale                              0x08005849   Thumb Code     8  rt_locale_intlibspace.o(.text)
    _printf_fp_infnan                        0x08005851   Thumb Code   112  _printf_fp_infnan.o(.text)
    _btod_etento                             0x080058d1   Thumb Code   216  bigflt0.o(.text)
    exit                                     0x080059ad   Thumb Code    12  exit.o(.text)
    strcmp                                   0x080059b9   Thumb Code   128  strcmpv7m.o(.text)
    _btod_d2e                                0x08005a39   Thumb Code    62  btod.o(CL$$btod_d2e)
    _d2e_denorm_low                          0x08005a77   Thumb Code    70  btod.o(CL$$btod_d2e_denorm_low)
    _d2e_norm_op1                            0x08005abd   Thumb Code    96  btod.o(CL$$btod_d2e_norm_op1)
    __btod_div_common                        0x08005b1d   Thumb Code   696  btod.o(CL$$btod_div_common)
    _e2e                                     0x08005e55   Thumb Code   198  btod.o(CL$$btod_e2e)
    _btod_ediv                               0x08005f1b   Thumb Code    40  btod.o(CL$$btod_ediv)
    _btod_emul                               0x08005f43   Thumb Code    40  btod.o(CL$$btod_emul)
    __btod_mult_common                       0x08005f6b   Thumb Code   580  btod.o(CL$$btod_mult_common)
    __ARM_fpclassify                         0x080061af   Thumb Code    40  fpclassify.o(i.__ARM_fpclassify)
    __kernel_poly                            0x080061d7   Thumb Code   170  poly.o(i.__kernel_poly)
    __mathlib_dbl_divzero                    0x08006281   Thumb Code    12  dunder.o(i.__mathlib_dbl_divzero)
    __mathlib_dbl_infnan                     0x08006291   Thumb Code     6  dunder.o(i.__mathlib_dbl_infnan)
    __mathlib_dbl_infnan2                    0x08006297   Thumb Code     4  dunder.o(i.__mathlib_dbl_infnan2)
    __mathlib_dbl_invalid                    0x0800629b   Thumb Code    12  dunder.o(i.__mathlib_dbl_invalid)
    __mathlib_dbl_overflow                   0x080062a7   Thumb Code    14  dunder.o(i.__mathlib_dbl_overflow)
    __mathlib_dbl_underflow                  0x080062b5   Thumb Code    10  dunder.o(i.__mathlib_dbl_underflow)
    _is_digit                                0x080062c5   Thumb Code    14  __printf_wp.o(i._is_digit)
    atan                                     0x080062d5   Thumb Code   474  atan.o(i.atan)
    pow                                      0x080064f5   Thumb Code  2478  pow.o(i.pow)
    sqrt                                     0x08006ead   Thumb Code    76  sqrt.o(i.sqrt)
    _get_lc_numeric                          0x08006ef9   Thumb Code    44  lc_numeric_c.o(locale$$code)
    _get_lc_ctype                            0x08006f25   Thumb Code    44  lc_ctype_c.o(locale$$code)
    __aeabi_d2f                              0x08006f51   Thumb Code     0  d2f.o(x$fpl$d2f)
    _d2f                                     0x08006f51   Thumb Code    98  d2f.o(x$fpl$d2f)
    __aeabi_dadd                             0x08006fb5   Thumb Code     0  daddsub_clz.o(x$fpl$dadd)
    _dadd                                    0x08006fb5   Thumb Code   332  daddsub_clz.o(x$fpl$dadd)
    __fpl_dcheck_NaN1                        0x08007105   Thumb Code    10  dcheck1.o(x$fpl$dcheck1)
    __fpl_dcmp_Inf                           0x08007115   Thumb Code    24  dcmpi.o(x$fpl$dcmpinf)
    __aeabi_ddiv                             0x0800712d   Thumb Code     0  ddiv.o(x$fpl$ddiv)
    _ddiv                                    0x0800712d   Thumb Code   552  ddiv.o(x$fpl$ddiv)
    __aeabi_i2d                              0x080073dd   Thumb Code     0  dflt_clz.o(x$fpl$dflt)
    _dflt                                    0x080073dd   Thumb Code    46  dflt_clz.o(x$fpl$dflt)
    __aeabi_cdcmple                          0x0800740d   Thumb Code     0  dleqf.o(x$fpl$dleqf)
    _dcmple                                  0x0800740d   Thumb Code   120  dleqf.o(x$fpl$dleqf)
    __fpl_dcmple_InfNaN                      0x0800746f   Thumb Code     0  dleqf.o(x$fpl$dleqf)
    __aeabi_dmul                             0x08007485   Thumb Code     0  dmul.o(x$fpl$dmul)
    _dmul                                    0x08007485   Thumb Code   332  dmul.o(x$fpl$dmul)
    __fpl_dnaninf                            0x080075d9   Thumb Code   156  dnaninf.o(x$fpl$dnaninf)
    __fpl_dretinf                            0x08007675   Thumb Code    12  dretinf.o(x$fpl$dretinf)
    __aeabi_cdrcmple                         0x08007681   Thumb Code     0  drleqf.o(x$fpl$drleqf)
    _drcmple                                 0x08007681   Thumb Code   108  drleqf.o(x$fpl$drleqf)
    __aeabi_drsub                            0x080076ed   Thumb Code     0  daddsub_clz.o(x$fpl$drsb)
    _drsb                                    0x080076ed   Thumb Code    22  daddsub_clz.o(x$fpl$drsb)
    _dsqrt                                   0x08007705   Thumb Code   456  dsqrt_noumaal.o(x$fpl$dsqrt)
    __aeabi_dsub                             0x080078d1   Thumb Code     0  daddsub_clz.o(x$fpl$dsub)
    _dsub                                    0x080078d1   Thumb Code   464  daddsub_clz.o(x$fpl$dsub)
    __aeabi_f2d                              0x08007aa5   Thumb Code     0  f2d.o(x$fpl$f2d)
    _f2d                                     0x08007aa5   Thumb Code    86  f2d.o(x$fpl$f2d)
    __aeabi_fadd                             0x08007afd   Thumb Code     0  faddsub_clz.o(x$fpl$fadd)
    _fadd                                    0x08007afd   Thumb Code   196  faddsub_clz.o(x$fpl$fadd)
    __fpl_fcmp_Inf                           0x08007bc1   Thumb Code    24  fcmpi.o(x$fpl$fcmpinf)
    __aeabi_fdiv                             0x08007bd9   Thumb Code     0  fdiv.o(x$fpl$fdiv)
    _fdiv                                    0x08007bd9   Thumb Code   384  fdiv.o(x$fpl$fdiv)
    __aeabi_f2iz                             0x08007d5d   Thumb Code     0  ffix.o(x$fpl$ffix)
    _ffix                                    0x08007d5d   Thumb Code    54  ffix.o(x$fpl$ffix)
    __aeabi_f2uiz                            0x08007d95   Thumb Code     0  ffixu.o(x$fpl$ffixu)
    _ffixu                                   0x08007d95   Thumb Code    62  ffixu.o(x$fpl$ffixu)
    __aeabi_i2f                              0x08007dd5   Thumb Code     0  fflt_clz.o(x$fpl$fflt)
    _fflt                                    0x08007dd5   Thumb Code    48  fflt_clz.o(x$fpl$fflt)
    __aeabi_ui2f                             0x08007e05   Thumb Code     0  fflt_clz.o(x$fpl$ffltu)
    _ffltu                                   0x08007e05   Thumb Code    38  fflt_clz.o(x$fpl$ffltu)
    __aeabi_cfcmple                          0x08007e2d   Thumb Code     0  fleqf.o(x$fpl$fleqf)
    _fcmple                                  0x08007e2d   Thumb Code   104  fleqf.o(x$fpl$fleqf)
    __fpl_fcmple_InfNaN                      0x08007e7f   Thumb Code     0  fleqf.o(x$fpl$fleqf)
    __aeabi_fmul                             0x08007e95   Thumb Code     0  fmul.o(x$fpl$fmul)
    _fmul                                    0x08007e95   Thumb Code   258  fmul.o(x$fpl$fmul)
    __fpl_fnaninf                            0x08007f97   Thumb Code   140  fnaninf.o(x$fpl$fnaninf)
    __fpl_fretinf                            0x08008023   Thumb Code    10  fretinf.o(x$fpl$fretinf)
    __aeabi_cfrcmple                         0x0800802d   Thumb Code     0  frleqf.o(x$fpl$frleqf)
    _frcmple                                 0x0800802d   Thumb Code    98  frleqf.o(x$fpl$frleqf)
    __aeabi_frsub                            0x0800808f   Thumb Code     0  faddsub_clz.o(x$fpl$frsb)
    _frsb                                    0x0800808f   Thumb Code    20  faddsub_clz.o(x$fpl$frsb)
    __aeabi_fsub                             0x080080a5   Thumb Code     0  faddsub_clz.o(x$fpl$fsub)
    _fsub                                    0x080080a5   Thumb Code   234  faddsub_clz.o(x$fpl$fsub)
    _printf_fp_dec                           0x0800818f   Thumb Code     4  printf1.o(x$fpl$printf1)
    _printf_fp_hex                           0x08008193   Thumb Code     4  printf2.o(x$fpl$printf2)
    __fpl_return_NaN                         0x08008197   Thumb Code   100  retnan.o(x$fpl$retnan)
    __ARM_scalbn                             0x080081fb   Thumb Code    92  scalbn.o(x$fpl$scalbn)
    __fpl_cmpreturn                          0x08008257   Thumb Code    48  trapv.o(x$fpl$trapveneer)
    F6x8                                     0x08008286   Data         552  oled.o(.constdata)
    __I$use$fp                               0x08008286   Number         0  usenofp.o(x$fpl$usenofp)
    F8X16                                    0x080084ae   Data        1520  oled.o(.constdata)
    __mathlib_zero                           0x08008c00   Data           8  qnan.o(.constdata)
    Region$$Table$$Base                      0x08008cc4   Number         0  anon$$obj.o(Region$$Table)
    Region$$Table$$Limit                     0x08008ce4   Number         0  anon$$obj.o(Region$$Table)
    __ctype                                  0x08008d0d   Data           0  lc_ctype_c.o(locale$$data)
    BMP1                                     0x20000000   Data        1024  main.o(.data)
    BMP2                                     0x20000400   Data        1024  main.o(.data)
    Car_spd                                  0x20000800   Data           4  main.o(.data)
    Car_turn                                 0x20000804   Data           4  main.o(.data)
    Car_distance                             0x20000808   Data           4  main.o(.data)
    Delta_turn                               0x2000080c   Data           4  main.o(.data)
    BalanceCar_Cnt                           0x20000810   Data           2  main.o(.data)
    Display_Cnt                              0x20000812   Data           2  main.o(.data)
    SystemCoreClock                          0x20000814   Data           4  system_stm32f10x.o(.data)
    AHBPrescTable                            0x20000818   Data          16  system_stm32f10x.o(.data)
    USART3_RX_STA                            0x20000828   Data           2  usart3.o(.data)
    USART3_Cont                              0x2000082a   Data           2  usart3.o(.data)
    Hzk                                      0x2000082c   Data         448  oled.o(.data)
    __stdout                                 0x200009f0   Data           4  usart.o(.data)
    USART_RX_STA                             0x200009f4   Data           2  usart.o(.data)
    Encoder                                  0x20000a18   Data           8  balancecar.o(.data)
    Kpb                                      0x20000a20   Data           4  balancecar.o(.data)
    Kib                                      0x20000a24   Data           4  balancecar.o(.data)
    Kdb                                      0x20000a28   Data           4  balancecar.o(.data)
    Kid_value                                0x20000a2c   Data           4  balancecar.o(.data)
    roll_orignal                             0x20000a30   Data           4  balancecar.o(.data)
    gyx_off                                  0x20000a34   Data           4  balancecar.o(.data)
    Erroragl_sum                             0x20000a38   Data           4  balancecar.o(.data)
    Kps                                      0x20000a3c   Data           4  balancecar.o(.data)
    Kis                                      0x20000a40   Data           4  balancecar.o(.data)
    Kis_value                                0x20000a44   Data           4  balancecar.o(.data)
    Car_speedL                               0x20000a48   Data           4  balancecar.o(.data)
    Car_speedR                               0x20000a4c   Data           4  balancecar.o(.data)
    last_cntlspd                             0x20000a50   Data           4  balancecar.o(.data)
    Errorspd_sum                             0x20000a54   Data           4  balancecar.o(.data)
    Kpt                                      0x20000a58   Data           4  balancecar.o(.data)
    Kdt                                      0x20000a5c   Data           4  balancecar.o(.data)
    last_cntltrn                             0x20000a60   Data           4  balancecar.o(.data)
    PWM_left                                 0x20000a64   Data           4  balancecar.o(.data)
    PWM_right                                0x20000a68   Data           4  balancecar.o(.data)
    Encode10_cnt                             0x20000a6c   Data           2  encoder.o(.data)
    Encode11_cnt                             0x20000a6e   Data           2  encoder.o(.data)
    Encode10_time                            0x20000a70   Data           2  encoder.o(.data)
    Encode11_time                            0x20000a72   Data           2  encoder.o(.data)
    car_directon                             0x20000a74   Data           4  encoder.o(.data)
    Encode20_cnt                             0x20000a78   Data           2  encoder.o(.data)
    Encode21_cnt                             0x20000a7a   Data           2  encoder.o(.data)
    Encode20_time                            0x20000a7c   Data           2  encoder.o(.data)
    Encode21_time                            0x20000a7e   Data           2  encoder.o(.data)
    car_directon1                            0x20000a80   Data           4  encoder.o(.data)
    USART3_RX_BUF                            0x20000a84   Data        1024  usart3.o(.bss)
    USART3_TX_BUF                            0x20000e84   Data         600  usart3.o(.bss)
    USART_InitStructure                      0x200010dc   Data          16  usart3.o(.bss)
    USART_RX_BUF                             0x200010ec   Data         200  usart.o(.bss)
    sendbuf                                  0x200011b4   Data          50  ble_app.o(.bss)
    recivebuf                                0x200011e6   Data          50  ble_app.o(.bss)
    MPU_data                                 0x20001218   Data          24  balancecar.o(.bss)
    __libspace_start                         0x20001230   Data          96  libspace.o(.bss)
    __temporary_stack_top$libspace           0x20001290   Data           0  libspace.o(.bss)



==============================================================================

Memory Map of the image

  Image Entry point : 0x080000ed

  Load Region LR_IROM1 (Base: 0x08000000, Size: 0x00009894, Max: 0x00010000, ABSOLUTE, COMPRESSED[0x00009104])

    Execution Region ER_IROM1 (Base: 0x08000000, Size: 0x00008e10, Max: 0x00010000, ABSOLUTE)

    Base Addr    Size         Type   Attr      Idx    E Section Name        Object

    0x08000000   0x000000ec   Data   RO          409    RESET               startup_stm32f10x_md.o
    0x080000ec   0x00000008   Code   RO          723  * !!!main             c_w.l(__main.o)
    0x080000f4   0x00000034   Code   RO         1159    !!!scatter          c_w.l(__scatter.o)
    0x08000128   0x00000064   Code   RO         1157    !!dclz77c           c_w.l(__dclz77c.o)
    0x0800018c   0x0000001c   Code   RO         1161    !!handler_zi        c_w.l(__scatter_zi.o)
    0x080001a8   0x00000000   Code   RO          708    .ARM.Collect$$_printf_percent$$00000000  c_w.l(_printf_percent.o)
    0x080001a8   0x00000006   Code   RO          861    .ARM.Collect$$_printf_percent$$00000001  c_w.l(_printf_n.o)
    0x080001ae   0x00000006   Code   RO          862    .ARM.Collect$$_printf_percent$$00000002  c_w.l(_printf_p.o)
    0x080001b4   0x00000006   Code   RO          866    .ARM.Collect$$_printf_percent$$00000003  c_w.l(_printf_f.o)
    0x080001ba   0x00000006   Code   RO          867    .ARM.Collect$$_printf_percent$$00000004  c_w.l(_printf_e.o)
    0x080001c0   0x00000006   Code   RO          868    .ARM.Collect$$_printf_percent$$00000005  c_w.l(_printf_g.o)
    0x080001c6   0x00000006   Code   RO          869    .ARM.Collect$$_printf_percent$$00000006  c_w.l(_printf_a.o)
    0x080001cc   0x0000000a   Code   RO          874    .ARM.Collect$$_printf_percent$$00000007  c_w.l(_printf_ll.o)
    0x080001d6   0x00000006   Code   RO          864    .ARM.Collect$$_printf_percent$$00000008  c_w.l(_printf_i.o)
    0x080001dc   0x00000006   Code   RO          707    .ARM.Collect$$_printf_percent$$00000009  c_w.l(_printf_d.o)
    0x080001e2   0x00000006   Code   RO          865    .ARM.Collect$$_printf_percent$$0000000A  c_w.l(_printf_u.o)
    0x080001e8   0x00000006   Code   RO          863    .ARM.Collect$$_printf_percent$$0000000B  c_w.l(_printf_o.o)
    0x080001ee   0x00000006   Code   RO          706    .ARM.Collect$$_printf_percent$$0000000C  c_w.l(_printf_x.o)
    0x080001f4   0x00000006   Code   RO          871    .ARM.Collect$$_printf_percent$$0000000D  c_w.l(_printf_lli.o)
    0x080001fa   0x00000006   Code   RO          872    .ARM.Collect$$_printf_percent$$0000000E  c_w.l(_printf_lld.o)
    0x08000200   0x00000006   Code   RO          873    .ARM.Collect$$_printf_percent$$0000000F  c_w.l(_printf_llu.o)
    0x08000206   0x00000006   Code   RO          878    .ARM.Collect$$_printf_percent$$00000010  c_w.l(_printf_llo.o)
    0x0800020c   0x00000006   Code   RO          879    .ARM.Collect$$_printf_percent$$00000011  c_w.l(_printf_llx.o)
    0x08000212   0x0000000a   Code   RO          875    .ARM.Collect$$_printf_percent$$00000012  c_w.l(_printf_l.o)
    0x0800021c   0x00000006   Code   RO          704    .ARM.Collect$$_printf_percent$$00000013  c_w.l(_printf_c.o)
    0x08000222   0x00000006   Code   RO          705    .ARM.Collect$$_printf_percent$$00000014  c_w.l(_printf_s.o)
    0x08000228   0x00000006   Code   RO          876    .ARM.Collect$$_printf_percent$$00000015  c_w.l(_printf_lc.o)
    0x0800022e   0x00000006   Code   RO          877    .ARM.Collect$$_printf_percent$$00000016  c_w.l(_printf_ls.o)
    0x08000234   0x00000004   Code   RO          870    .ARM.Collect$$_printf_percent$$00000017  c_w.l(_printf_percent_end.o)
    0x08000238   0x00000002   Code   RO         1020    .ARM.Collect$$libinit$$00000000  c_w.l(libinit.o)
    0x0800023a   0x00000000   Code   RO         1037    .ARM.Collect$$libinit$$00000002  c_w.l(libinit2.o)
    0x0800023a   0x00000000   Code   RO         1039    .ARM.Collect$$libinit$$00000004  c_w.l(libinit2.o)
    0x0800023a   0x00000000   Code   RO         1042    .ARM.Collect$$libinit$$0000000A  c_w.l(libinit2.o)
    0x0800023a   0x00000000   Code   RO         1044    .ARM.Collect$$libinit$$0000000C  c_w.l(libinit2.o)
    0x0800023a   0x00000000   Code   RO         1046    .ARM.Collect$$libinit$$0000000E  c_w.l(libinit2.o)
    0x0800023a   0x00000006   Code   RO         1047    .ARM.Collect$$libinit$$0000000F  c_w.l(libinit2.o)
    0x08000240   0x00000000   Code   RO         1049    .ARM.Collect$$libinit$$00000011  c_w.l(libinit2.o)
    0x08000240   0x0000000c   Code   RO         1050    .ARM.Collect$$libinit$$00000012  c_w.l(libinit2.o)
    0x0800024c   0x00000000   Code   RO         1051    .ARM.Collect$$libinit$$00000013  c_w.l(libinit2.o)
    0x0800024c   0x00000000   Code   RO         1053    .ARM.Collect$$libinit$$00000015  c_w.l(libinit2.o)
    0x0800024c   0x0000000a   Code   RO         1054    .ARM.Collect$$libinit$$00000016  c_w.l(libinit2.o)
    0x08000256   0x00000000   Code   RO         1055    .ARM.Collect$$libinit$$00000017  c_w.l(libinit2.o)
    0x08000256   0x00000000   Code   RO         1057    .ARM.Collect$$libinit$$00000019  c_w.l(libinit2.o)
    0x08000256   0x00000000   Code   RO         1059    .ARM.Collect$$libinit$$0000001B  c_w.l(libinit2.o)
    0x08000256   0x00000000   Code   RO         1061    .ARM.Collect$$libinit$$0000001D  c_w.l(libinit2.o)
    0x08000256   0x00000000   Code   RO         1063    .ARM.Collect$$libinit$$0000001F  c_w.l(libinit2.o)
    0x08000256   0x00000000   Code   RO         1065    .ARM.Collect$$libinit$$00000021  c_w.l(libinit2.o)
    0x08000256   0x00000000   Code   RO         1067    .ARM.Collect$$libinit$$00000023  c_w.l(libinit2.o)
    0x08000256   0x00000000   Code   RO         1069    .ARM.Collect$$libinit$$00000025  c_w.l(libinit2.o)
    0x08000256   0x00000000   Code   RO         1073    .ARM.Collect$$libinit$$0000002C  c_w.l(libinit2.o)
    0x08000256   0x00000000   Code   RO         1075    .ARM.Collect$$libinit$$0000002E  c_w.l(libinit2.o)
    0x08000256   0x00000000   Code   RO         1077    .ARM.Collect$$libinit$$00000030  c_w.l(libinit2.o)
    0x08000256   0x00000000   Code   RO         1079    .ARM.Collect$$libinit$$00000032  c_w.l(libinit2.o)
    0x08000256   0x00000002   Code   RO         1080    .ARM.Collect$$libinit$$00000033  c_w.l(libinit2.o)
    0x08000258   0x00000002   Code   RO         1110    .ARM.Collect$$libshutdown$$00000000  c_w.l(libshutdown.o)
    0x0800025a   0x00000000   Code   RO         1125    .ARM.Collect$$libshutdown$$00000003  c_w.l(libshutdown2.o)
    0x0800025a   0x00000000   Code   RO         1128    .ARM.Collect$$libshutdown$$00000006  c_w.l(libshutdown2.o)
    0x0800025a   0x00000000   Code   RO         1131    .ARM.Collect$$libshutdown$$00000009  c_w.l(libshutdown2.o)
    0x0800025a   0x00000000   Code   RO         1133    .ARM.Collect$$libshutdown$$0000000B  c_w.l(libshutdown2.o)
    0x0800025a   0x00000000   Code   RO         1136    .ARM.Collect$$libshutdown$$0000000E  c_w.l(libshutdown2.o)
    0x0800025a   0x00000002   Code   RO         1137    .ARM.Collect$$libshutdown$$0000000F  c_w.l(libshutdown2.o)
    0x0800025c   0x00000000   Code   RO          831    .ARM.Collect$$rtentry$$00000000  c_w.l(__rtentry.o)
    0x0800025c   0x00000000   Code   RO          927    .ARM.Collect$$rtentry$$00000002  c_w.l(__rtentry2.o)
    0x0800025c   0x00000006   Code   RO          939    .ARM.Collect$$rtentry$$00000004  c_w.l(__rtentry4.o)
    0x08000262   0x00000000   Code   RO          929    .ARM.Collect$$rtentry$$00000009  c_w.l(__rtentry2.o)
    0x08000262   0x00000004   Code   RO          930    .ARM.Collect$$rtentry$$0000000A  c_w.l(__rtentry2.o)
    0x08000266   0x00000000   Code   RO          932    .ARM.Collect$$rtentry$$0000000C  c_w.l(__rtentry2.o)
    0x08000266   0x00000008   Code   RO          933    .ARM.Collect$$rtentry$$0000000D  c_w.l(__rtentry2.o)
    0x0800026e   0x00000002   Code   RO         1025    .ARM.Collect$$rtexit$$00000000  c_w.l(rtexit.o)
    0x08000270   0x00000000   Code   RO         1084    .ARM.Collect$$rtexit$$00000002  c_w.l(rtexit2.o)
    0x08000270   0x00000004   Code   RO         1085    .ARM.Collect$$rtexit$$00000003  c_w.l(rtexit2.o)
    0x08000274   0x00000006   Code   RO         1086    .ARM.Collect$$rtexit$$00000004  c_w.l(rtexit2.o)
    0x0800027a   0x00000002   PAD
    0x0800027c   0x000001a8   Code   RO            1    .text               main.o
    0x08000424   0x0000001a   Code   RO          167    .text               stm32f10x_it.o
    0x0800043e   0x00000002   PAD
    0x08000440   0x000001e0   Code   RO          208    .text               system_stm32f10x.o
    0x08000620   0x00000038   Code   RO          226    .text               led.o
    0x08000658   0x0000012c   Code   RO          251    .text               timer.o
    0x08000784   0x00000160   Code   RO          267    .text               usart3.o
    0x080008e4   0x00000260   Code   RO          296    .text               myiic.o
    0x08000b44   0x0000071c   Code   RO          308    .text               oled.o
    0x08001260   0x000000d4   Code   RO          328    .text               delay.o
    0x08001334   0x00000140   Code   RO          359    .text               usart.o
    0x08001474   0x00000100   Code   RO          382    .text               exit.o
    0x08001574   0x00000040   Code   RO          410    .text               startup_stm32f10x_md.o
    0x080015b4   0x000000dc   Code   RO          414    .text               misc.o
    0x08001690   0x0000035c   Code   RO          438    .text               stm32f10x_gpio.o
    0x080019ec   0x000003a4   Code   RO          450    .text               stm32f10x_rcc.o
    0x08001d90   0x00000408   Code   RO          464    .text               stm32f10x_usart.o
    0x08002198   0x00000e1a   Code   RO          476    .text               stm32f10x_tim.o
    0x08002fb2   0x00000002   PAD
    0x08002fb4   0x0000011c   Code   RO          488    .text               stm32f10x_exti.o
    0x080030d0   0x000000b4   Code   RO          500    .text               ble_uart.o
    0x08003184   0x00000518   Code   RO          518    .text               ble_app.o
    0x0800369c   0x000009b4   Code   RO          534    .text               mpu6050.o
    0x08004050   0x000003e0   Code   RO          596    .text               balancecar.o
    0x08004430   0x0000014c   Code   RO          612    .text               encoder.o
    0x0800457c   0x0000021c   Code   RO          627    .text               motor.o
    0x08004798   0x00000002   Code   RO          641    .text               c_w.l(use_no_semi_2.o)
    0x0800479a   0x00000002   PAD
    0x0800479c   0x00000024   Code   RO          645    .text               c_w.l(vsprintf.o)
    0x080047c0   0x00000018   Code   RO          647    .text               c_w.l(__2printf.o)
    0x080047d8   0x0000002c   Code   RO          649    .text               c_w.l(__2sprintf.o)
    0x08004804   0x0000004e   Code   RO          657    .text               c_w.l(_printf_pad.o)
    0x08004852   0x00000052   Code   RO          659    .text               c_w.l(_printf_str.o)
    0x080048a4   0x00000078   Code   RO          661    .text               c_w.l(_printf_dec.o)
    0x0800491c   0x00000094   Code   RO          681    .text               c_w.l(_printf_hex_int_ll_ptr.o)
    0x080049b0   0x00000188   Code   RO          701    .text               c_w.l(__printf_flags_ss_wp.o)
    0x08004b38   0x00000024   Code   RO          709    .text               c_w.l(strstr.o)
    0x08004b5c   0x00000048   Code   RO          713    .text               c_w.l(strcpy.o)
    0x08004ba4   0x0000003e   Code   RO          715    .text               c_w.l(strlen.o)
    0x08004be2   0x00000044   Code   RO          719    .text               c_w.l(rt_memclr.o)
    0x08004c26   0x00000006   Code   RO          721    .text               c_w.l(heapauxi.o)
    0x08004c2c   0x00000002   Code   RO          829    .text               c_w.l(use_no_semi.o)
    0x08004c2e   0x00000016   Code   RO          834    .text               c_w.l(_rserrno.o)
    0x08004c44   0x00000024   Code   RO          836    .text               c_w.l(_printf_truncate.o)
    0x08004c68   0x000000b2   Code   RO          838    .text               c_w.l(_printf_intcommon.o)
    0x08004d1a   0x00000028   Code   RO          840    .text               c_w.l(_printf_charcount.o)
    0x08004d42   0x00000002   PAD
    0x08004d44   0x00000030   Code   RO          842    .text               c_w.l(_printf_char_common.o)
    0x08004d74   0x0000000a   Code   RO          844    .text               c_w.l(_sputc.o)
    0x08004d7e   0x0000002c   Code   RO          846    .text               c_w.l(_printf_char.o)
    0x08004daa   0x00000002   PAD
    0x08004dac   0x00000024   Code   RO          848    .text               c_w.l(_printf_char_file.o)
    0x08004dd0   0x000000bc   Code   RO          850    .text               c_w.l(_printf_wctomb.o)
    0x08004e8c   0x0000007c   Code   RO          853    .text               c_w.l(_printf_longlong_dec.o)
    0x08004f08   0x00000070   Code   RO          859    .text               c_w.l(_printf_oct_int_ll.o)
    0x08004f78   0x0000004e   Code   RO          880    .text               c_w.l(rt_memclr_w.o)
    0x08004fc6   0x00000002   PAD
    0x08004fc8   0x00000008   Code   RO          948    .text               c_w.l(rt_errno_addr_intlibspace.o)
    0x08004fd0   0x0000008a   Code   RO          950    .text               c_w.l(lludiv10.o)
    0x0800505a   0x0000041a   Code   RO          952    .text               c_w.l(_printf_fp_dec.o)
    0x08005474   0x000002fc   Code   RO          954    .text               c_w.l(_printf_fp_hex.o)
    0x08005770   0x0000002c   Code   RO          959    .text               c_w.l(_printf_wchar.o)
    0x0800579c   0x00000008   Code   RO          961    .text               c_w.l(ferror.o)
    0x080057a4   0x00000040   Code   RO          965    .text               c_w.l(_wcrtomb.o)
    0x080057e4   0x00000008   Code   RO          969    .text               c_w.l(libspace.o)
    0x080057ec   0x0000004a   Code   RO          972    .text               c_w.l(sys_stackheap_outer.o)
    0x08005836   0x00000002   PAD
    0x08005838   0x00000010   Code   RO          974    .text               c_w.l(rt_ctype_table.o)
    0x08005848   0x00000008   Code   RO          981    .text               c_w.l(rt_locale_intlibspace.o)
    0x08005850   0x00000080   Code   RO          983    .text               c_w.l(_printf_fp_infnan.o)
    0x080058d0   0x000000dc   Code   RO          985    .text               c_w.l(bigflt0.o)
    0x080059ac   0x0000000c   Code   RO         1013    .text               c_w.l(exit.o)
    0x080059b8   0x00000080   Code   RO         1034    .text               c_w.l(strcmpv7m.o)
    0x08005a38   0x0000003e   Code   RO          988    CL$$btod_d2e        c_w.l(btod.o)
    0x08005a76   0x00000046   Code   RO          990    CL$$btod_d2e_denorm_low  c_w.l(btod.o)
    0x08005abc   0x00000060   Code   RO          989    CL$$btod_d2e_norm_op1  c_w.l(btod.o)
    0x08005b1c   0x00000338   Code   RO          998    CL$$btod_div_common  c_w.l(btod.o)
    0x08005e54   0x000000c6   Code   RO          995    CL$$btod_e2e        c_w.l(btod.o)
    0x08005f1a   0x00000028   Code   RO          992    CL$$btod_ediv       c_w.l(btod.o)
    0x08005f42   0x00000028   Code   RO          991    CL$$btod_emul       c_w.l(btod.o)
    0x08005f6a   0x00000244   Code   RO          997    CL$$btod_mult_common  c_w.l(btod.o)
    0x080061ae   0x00000028   Code   RO          921    i.__ARM_fpclassify  m_ws.l(fpclassify.o)
    0x080061d6   0x000000aa   Code   RO          923    i.__kernel_poly     m_ws.l(poly.o)
    0x08006280   0x00000010   Code   RO          907    i.__mathlib_dbl_divzero  m_ws.l(dunder.o)
    0x08006290   0x00000006   Code   RO          908    i.__mathlib_dbl_infnan  m_ws.l(dunder.o)
    0x08006296   0x00000004   Code   RO          909    i.__mathlib_dbl_infnan2  m_ws.l(dunder.o)
    0x0800629a   0x0000000c   Code   RO          910    i.__mathlib_dbl_invalid  m_ws.l(dunder.o)
    0x080062a6   0x0000000e   Code   RO          911    i.__mathlib_dbl_overflow  m_ws.l(dunder.o)
    0x080062b4   0x00000010   Code   RO          913    i.__mathlib_dbl_underflow  m_ws.l(dunder.o)
    0x080062c4   0x0000000e   Code   RO          694    i._is_digit         c_w.l(__printf_wp.o)
    0x080062d2   0x00000002   PAD
    0x080062d4   0x00000220   Code   RO          794    i.atan              m_ws.l(atan.o)
    0x080064f4   0x000009b8   Code   RO          812    i.pow               m_ws.l(pow.o)
    0x08006eac   0x0000004c   Code   RO          822    i.sqrt              m_ws.l(sqrt.o)
    0x08006ef8   0x0000002c   Code   RO         1011    locale$$code        c_w.l(lc_numeric_c.o)
    0x08006f24   0x0000002c   Code   RO         1028    locale$$code        c_w.l(lc_ctype_c.o)
    0x08006f50   0x00000062   Code   RO          725    x$fpl$d2f           fz_ws.l(d2f.o)
    0x08006fb2   0x00000002   PAD
    0x08006fb4   0x00000150   Code   RO          727    x$fpl$dadd          fz_ws.l(daddsub_clz.o)
    0x08007104   0x00000010   Code   RO          967    x$fpl$dcheck1       fz_ws.l(dcheck1.o)
    0x08007114   0x00000018   Code   RO          882    x$fpl$dcmpinf       fz_ws.l(dcmpi.o)
    0x0800712c   0x000002b0   Code   RO          734    x$fpl$ddiv          fz_ws.l(ddiv.o)
    0x080073dc   0x0000002e   Code   RO          738    x$fpl$dflt          fz_ws.l(dflt_clz.o)
    0x0800740a   0x00000002   PAD
    0x0800740c   0x00000078   Code   RO          743    x$fpl$dleqf         fz_ws.l(dleqf.o)
    0x08007484   0x00000154   Code   RO          745    x$fpl$dmul          fz_ws.l(dmul.o)
    0x080075d8   0x0000009c   Code   RO          884    x$fpl$dnaninf       fz_ws.l(dnaninf.o)
    0x08007674   0x0000000c   Code   RO          886    x$fpl$dretinf       fz_ws.l(dretinf.o)
    0x08007680   0x0000006c   Code   RO          747    x$fpl$drleqf        fz_ws.l(drleqf.o)
    0x080076ec   0x00000016   Code   RO          728    x$fpl$drsb          fz_ws.l(daddsub_clz.o)
    0x08007702   0x00000002   PAD
    0x08007704   0x000001cc   Code   RO          888    x$fpl$dsqrt         fz_ws.l(dsqrt_noumaal.o)
    0x080078d0   0x000001d4   Code   RO          729    x$fpl$dsub          fz_ws.l(daddsub_clz.o)
    0x08007aa4   0x00000056   Code   RO          749    x$fpl$f2d           fz_ws.l(f2d.o)
    0x08007afa   0x00000002   PAD
    0x08007afc   0x000000c4   Code   RO          751    x$fpl$fadd          fz_ws.l(faddsub_clz.o)
    0x08007bc0   0x00000018   Code   RO          890    x$fpl$fcmpinf       fz_ws.l(fcmpi.o)
    0x08007bd8   0x00000184   Code   RO          758    x$fpl$fdiv          fz_ws.l(fdiv.o)
    0x08007d5c   0x00000036   Code   RO          763    x$fpl$ffix          fz_ws.l(ffix.o)
    0x08007d92   0x00000002   PAD
    0x08007d94   0x0000003e   Code   RO          767    x$fpl$ffixu         fz_ws.l(ffixu.o)
    0x08007dd2   0x00000002   PAD
    0x08007dd4   0x00000030   Code   RO          772    x$fpl$fflt          fz_ws.l(fflt_clz.o)
    0x08007e04   0x00000026   Code   RO          771    x$fpl$ffltu         fz_ws.l(fflt_clz.o)
    0x08007e2a   0x00000002   PAD
    0x08007e2c   0x00000068   Code   RO          777    x$fpl$fleqf         fz_ws.l(fleqf.o)
    0x08007e94   0x00000102   Code   RO          779    x$fpl$fmul          fz_ws.l(fmul.o)
    0x08007f96   0x0000008c   Code   RO          892    x$fpl$fnaninf       fz_ws.l(fnaninf.o)
    0x08008022   0x0000000a   Code   RO          894    x$fpl$fretinf       fz_ws.l(fretinf.o)
    0x0800802c   0x00000062   Code   RO          781    x$fpl$frleqf        fz_ws.l(frleqf.o)
    0x0800808e   0x00000014   Code   RO          752    x$fpl$frsb          fz_ws.l(faddsub_clz.o)
    0x080080a2   0x00000002   PAD
    0x080080a4   0x000000ea   Code   RO          753    x$fpl$fsub          fz_ws.l(faddsub_clz.o)
    0x0800818e   0x00000004   Code   RO          896    x$fpl$printf1       fz_ws.l(printf1.o)
    0x08008192   0x00000004   Code   RO          898    x$fpl$printf2       fz_ws.l(printf2.o)
    0x08008196   0x00000064   Code   RO         1023    x$fpl$retnan        fz_ws.l(retnan.o)
    0x080081fa   0x0000005c   Code   RO          904    x$fpl$scalbn        fz_ws.l(scalbn.o)
    0x08008256   0x00000030   Code   RO         1081    x$fpl$trapveneer    fz_ws.l(trapv.o)
    0x08008286   0x00000000   Code   RO          906    x$fpl$usenofp       fz_ws.l(usenofp.o)
    0x08008286   0x00000818   Data   RO          309    .constdata          oled.o
    0x08008a9e   0x00000028   Data   RO          682    .constdata          c_w.l(_printf_hex_int_ll_ptr.o)
    0x08008ac6   0x00000011   Data   RO          702    .constdata          c_w.l(__printf_flags_ss_wp.o)
    0x08008ad7   0x00000001   PAD
    0x08008ad8   0x00000098   Data   RO          795    .constdata          m_ws.l(atan.o)
    0x08008b70   0x00000088   Data   RO          813    .constdata          m_ws.l(pow.o)
    0x08008bf8   0x00000008   Data   RO          851    .constdata          c_w.l(_printf_wctomb.o)
    0x08008c00   0x00000008   Data   RO          925    .constdata          m_ws.l(qnan.o)
    0x08008c08   0x00000026   Data   RO          955    .constdata          c_w.l(_printf_fp_hex.o)
    0x08008c2e   0x00000002   PAD
    0x08008c30   0x00000094   Data   RO          986    .constdata          c_w.l(bigflt0.o)
    0x08008cc4   0x00000020   Data   RO         1155    Region$$Table       anon$$obj.o
    0x08008ce4   0x0000001c   Data   RO         1010    locale$$data        c_w.l(lc_numeric_c.o)
    0x08008d00   0x00000110   Data   RO         1027    locale$$data        c_w.l(lc_ctype_c.o)


    Execution Region RW_IRAM1 (Base: 0x20000000, Size: 0x00002490, Max: 0x00005000, ABSOLUTE, COMPRESSED[0x000002f4])

    Base Addr    Size         Type   Attr      Idx    E Section Name        Object

    0x20000000   0x00000814   Data   RW            2    .data               main.o
    0x20000814   0x00000014   Data   RW          209    .data               system_stm32f10x.o
    0x20000828   0x00000004   Data   RW          269    .data               usart3.o
    0x2000082c   0x000001c0   Data   RW          310    .data               oled.o
    0x200009ec   0x00000004   Data   RW          329    .data               delay.o
    0x200009f0   0x00000006   Data   RW          361    .data               usart.o
    0x200009f6   0x00000014   Data   RW          451    .data               stm32f10x_rcc.o
    0x20000a0a   0x00000001   Data   RW          520    .data               ble_app.o
    0x20000a0b   0x00000001   PAD
    0x20000a0c   0x0000000c   Data   RW          535    .data               mpu6050.o
    0x20000a18   0x00000054   Data   RW          598    .data               balancecar.o
    0x20000a6c   0x00000018   Data   RW          613    .data               encoder.o
    0x20000a84   0x00000668   Zero   RW          268    .bss                usart3.o
    0x200010ec   0x000000c8   Zero   RW          360    .bss                usart.o
    0x200011b4   0x00000064   Zero   RW          519    .bss                ble_app.o
    0x20001218   0x00000018   Zero   RW          597    .bss                balancecar.o
    0x20001230   0x00000060   Zero   RW          970    .bss                c_w.l(libspace.o)
    0x20001290   0x00000200   Zero   RW          408    HEAP                startup_stm32f10x_md.o
    0x20001490   0x00001000   Zero   RW          407    STACK               startup_stm32f10x_md.o


==============================================================================

Image component sizes


      Code (inc. data)   RO Data    RW Data    ZI Data      Debug   Object Name

       992        128          0         84         24       2400   balancecar.o
      1304        578          0          1        100       2714   ble_app.o
       180         20          0          0          0       1285   ble_uart.o
       212         18          0          4          0       1003   delay.o
       332         50          0         24          0       2150   encoder.o
       256          6          0          0          0        689   exit.o
        56          6          0          0          0        475   led.o
       424        124          0       2068          0     257087   main.o
       220         22          0          0          0       1777   misc.o
       540         22          0          0          0       1303   motor.o
      2484         76          0         12          0       7255   mpu6050.o
       608         14          0          0          0       1844   myiic.o
      1820         64       2072        448          0       5204   oled.o
        64         26        236          0       4608        788   startup_stm32f10x_md.o
       284         10          0          0          0       2211   stm32f10x_exti.o
       860         38          0          0          0       5625   stm32f10x_gpio.o
        26          0          0          0          0       1170   stm32f10x_it.o
       932         36          0         20          0       8788   stm32f10x_rcc.o
      3610         88          0          0          0      22108   stm32f10x_tim.o
      1032         22          0          0          0       8348   stm32f10x_usart.o
         0          0          0          0          0         32   sys.o
       480         38          0         20          0       1707   system_stm32f10x.o
       300         36          0          0          0        856   timer.o
       320         18          0          6        200       3090   usart.o
       352         28          0          4       1640       2582   usart3.o

    ----------------------------------------------------------------------
     17692       1468       2340       2692       6572     342491   Object Totals
         0          0         32          0          0          0   (incl. Generated)
         4          0          0          1          0          0   (incl. Padding)

    ----------------------------------------------------------------------

      Code (inc. data)   RO Data    RW Data    ZI Data      Debug   Library Member Name

        24          4          0          0          0         84   __2printf.o
        44          6          0          0          0         84   __2sprintf.o
       100          0          0          0          0          0   __dclz77c.o
         8          0          0          0          0         68   __main.o
       392          4         17          0          0         92   __printf_flags_ss_wp.o
        14          0          0          0          0         68   __printf_wp.o
         0          0          0          0          0          0   __rtentry.o
        12          0          0          0          0          0   __rtentry2.o
         6          0          0          0          0          0   __rtentry4.o
        52          8          0          0          0          0   __scatter.o
        28          0          0          0          0          0   __scatter_zi.o
         6          0          0          0          0          0   _printf_a.o
         6          0          0          0          0          0   _printf_c.o
        44          0          0          0          0        108   _printf_char.o
        48          6          0          0          0         96   _printf_char_common.o
        36          4          0          0          0         80   _printf_char_file.o
        40          0          0          0          0         68   _printf_charcount.o
         6          0          0          0          0          0   _printf_d.o
       120         16          0          0          0         92   _printf_dec.o
         6          0          0          0          0          0   _printf_e.o
         6          0          0          0          0          0   _printf_f.o
      1050          0          0          0          0        216   _printf_fp_dec.o
       764         10         38          0          0        100   _printf_fp_hex.o
       128         16          0          0          0         84   _printf_fp_infnan.o
         6          0          0          0          0          0   _printf_g.o
       148          4         40          0          0        160   _printf_hex_int_ll_ptr.o
         6          0          0          0          0          0   _printf_i.o
       178          0          0          0          0         88   _printf_intcommon.o
        10          0          0          0          0          0   _printf_l.o
         6          0          0          0          0          0   _printf_lc.o
        10          0          0          0          0          0   _printf_ll.o
         6          0          0          0          0          0   _printf_lld.o
         6          0          0          0          0          0   _printf_lli.o
         6          0          0          0          0          0   _printf_llo.o
         6          0          0          0          0          0   _printf_llu.o
         6          0          0          0          0          0   _printf_llx.o
       124         16          0          0          0         92   _printf_longlong_dec.o
         6          0          0          0          0          0   _printf_ls.o
         6          0          0          0          0          0   _printf_n.o
         6          0          0          0          0          0   _printf_o.o
       112          8          0          0          0        124   _printf_oct_int_ll.o
         6          0          0          0          0          0   _printf_p.o
        78          0          0          0          0        108   _printf_pad.o
         0          0          0          0          0          0   _printf_percent.o
         4          0          0          0          0          0   _printf_percent_end.o
         6          0          0          0          0          0   _printf_s.o
        82          0          0          0          0         80   _printf_str.o
        36          0          0          0          0         84   _printf_truncate.o
         6          0          0          0          0          0   _printf_u.o
        44          0          0          0          0        108   _printf_wchar.o
       188          6          8          0          0         92   _printf_wctomb.o
         6          0          0          0          0          0   _printf_x.o
        22          0          0          0          0        100   _rserrno.o
        10          0          0          0          0         68   _sputc.o
        64          0          0          0          0         92   _wcrtomb.o
       220          4        148          0          0         96   bigflt0.o
      1910        128          0          0          0        672   btod.o
        12          0          0          0          0         72   exit.o
         8          0          0          0          0         68   ferror.o
         6          0          0          0          0        152   heapauxi.o
        44         10        272          0          0         76   lc_ctype_c.o
        44         10         28          0          0         76   lc_numeric_c.o
         2          0          0          0          0          0   libinit.o
        30          0          0          0          0          0   libinit2.o
         2          0          0          0          0          0   libshutdown.o
         2          0          0          0          0          0   libshutdown2.o
         8          4          0          0         96         68   libspace.o
       138          0          0          0          0         80   lludiv10.o
        16          4          0          0          0         76   rt_ctype_table.o
         8          4          0          0          0         68   rt_errno_addr_intlibspace.o
         8          4          0          0          0         68   rt_locale_intlibspace.o
        68          0          0          0          0         68   rt_memclr.o
        78          0          0          0          0         80   rt_memclr_w.o
         2          0          0          0          0          0   rtexit.o
        10          0          0          0          0          0   rtexit2.o
       128          0          0          0          0         68   strcmpv7m.o
        72          0          0          0          0         80   strcpy.o
        62          0          0          0          0         76   strlen.o
        36          0          0          0          0         80   strstr.o
        74          0          0          0          0         80   sys_stackheap_outer.o
         2          0          0          0          0         68   use_no_semi.o
         2          0          0          0          0         68   use_no_semi_2.o
        36          4          0          0          0         76   vsprintf.o
        98          4          0          0          0         92   d2f.o
       826         16          0          0          0        348   daddsub_clz.o
        16          4          0          0          0         68   dcheck1.o
        24          0          0          0          0         68   dcmpi.o
       688        140          0          0          0        208   ddiv.o
        46          0          0          0          0         68   dflt_clz.o
       120          4          0          0          0         92   dleqf.o
       340         12          0          0          0        104   dmul.o
       156          4          0          0          0         92   dnaninf.o
        12          0          0          0          0         68   dretinf.o
       108          0          0          0          0         80   drleqf.o
       460         56          0          0          0        120   dsqrt_noumaal.o
        86          4          0          0          0         84   f2d.o
       450          8          0          0          0        236   faddsub_clz.o
        24          0          0          0          0         68   fcmpi.o
       388         76          0          0          0         96   fdiv.o
        54          4          0          0          0         84   ffix.o
        62          4          0          0          0         84   ffixu.o
        86          0          0          0          0        136   fflt_clz.o
       104          4          0          0          0         84   fleqf.o
       258          4          0          0          0         84   fmul.o
       140          4          0          0          0         84   fnaninf.o
        10          0          0          0          0         68   fretinf.o
        98          0          0          0          0         68   frleqf.o
         4          0          0          0          0         68   printf1.o
         4          0          0          0          0         68   printf2.o
       100          0          0          0          0         68   retnan.o
        92          0          0          0          0         68   scalbn.o
        48          0          0          0          0         68   trapv.o
         0          0          0          0          0          0   usenofp.o
       544         70        152          0          0        124   atan.o
        68         10          0          0          0        408   dunder.o
        40          0          0          0          0         68   fpclassify.o
       170          0          0          0          0         96   poly.o
      2488        190        136          0          0        300   pow.o
         0          0          8          0          0          0   qnan.o
        76          0          0          0          0         84   sqrt.o

    ----------------------------------------------------------------------
     15486        898        850          0         96       8756   Library Totals
        30          0          3          0          0          0   (incl. Padding)

    ----------------------------------------------------------------------

      Code (inc. data)   RO Data    RW Data    ZI Data      Debug   Library Name

      7168        280        551          0         96       4752   c_w.l
      4902        348          0          0          0       2924   fz_ws.l
      3386        270        296          0          0       1080   m_ws.l

    ----------------------------------------------------------------------
     15486        898        850          0         96       8756   Library Totals

    ----------------------------------------------------------------------

==============================================================================


      Code (inc. data)   RO Data    RW Data    ZI Data      Debug   

     33178       2366       3190       2692       6668     344587   Grand Totals
     33178       2366       3190        756       6668     344587   ELF Image Totals (compressed)
     33178       2366       3190        756          0          0   ROM Totals

==============================================================================

    Total RO  Size (Code + RO Data)                36368 (  35.52kB)
    Total RW  Size (RW Data + ZI Data)              9360 (   9.14kB)
    Total ROM Size (Code + RO Data + RW Data)      37124 (  36.25kB)

==============================================================================

